Archive member included to satisfy reference by file (symbol)

c:/program files (x86)/atollic/truestudio for stm32 9.0.1/armtools/bin/../lib/gcc/arm-atollic-eabi/6.3.1/../../../../arm-atollic-eabi/lib/armv7e-m/fpu\libc_nano.a(lib_a-assert.o)
                              Src\controller.o (__assert_func)
c:/program files (x86)/atollic/truestudio for stm32 9.0.1/armtools/bin/../lib/gcc/arm-atollic-eabi/6.3.1/../../../../arm-atollic-eabi/lib/armv7e-m/fpu\libc_nano.a(lib_a-fprintf.o)
                              c:/program files (x86)/atollic/truestudio for stm32 9.0.1/armtools/bin/../lib/gcc/arm-atollic-eabi/6.3.1/../../../../arm-atollic-eabi/lib/armv7e-m/fpu\libc_nano.a(lib_a-assert.o) (fiprintf)
c:/program files (x86)/atollic/truestudio for stm32 9.0.1/armtools/bin/../lib/gcc/arm-atollic-eabi/6.3.1/../../../../arm-atollic-eabi/lib/armv7e-m/fpu\libc_nano.a(lib_a-impure.o)
                              c:/program files (x86)/atollic/truestudio for stm32 9.0.1/armtools/bin/../lib/gcc/arm-atollic-eabi/6.3.1/../../../../arm-atollic-eabi/lib/armv7e-m/fpu\libc_nano.a(lib_a-assert.o) (_impure_ptr)
c:/program files (x86)/atollic/truestudio for stm32 9.0.1/armtools/bin/../lib/gcc/arm-atollic-eabi/6.3.1/../../../../arm-atollic-eabi/lib/armv7e-m/fpu\libc_nano.a(lib_a-init.o)
                              startup\startup_stm32f407xx.o (__libc_init_array)
c:/program files (x86)/atollic/truestudio for stm32 9.0.1/armtools/bin/../lib/gcc/arm-atollic-eabi/6.3.1/../../../../arm-atollic-eabi/lib/armv7e-m/fpu\libc_nano.a(lib_a-itoa.o)
                              Src\led.o (itoa)
c:/program files (x86)/atollic/truestudio for stm32 9.0.1/armtools/bin/../lib/gcc/arm-atollic-eabi/6.3.1/../../../../arm-atollic-eabi/lib/armv7e-m/fpu\libc_nano.a(lib_a-malloc.o)
                              Middlewares\ST\STM32_USB_Device_Library\Class\CDC\Src\usbd_cdc.o (malloc)
c:/program files (x86)/atollic/truestudio for stm32 9.0.1/armtools/bin/../lib/gcc/arm-atollic-eabi/6.3.1/../../../../arm-atollic-eabi/lib/armv7e-m/fpu\libc_nano.a(lib_a-memcpy-stub.o)
                              Src\led.o (memcpy)
c:/program files (x86)/atollic/truestudio for stm32 9.0.1/armtools/bin/../lib/gcc/arm-atollic-eabi/6.3.1/../../../../arm-atollic-eabi/lib/armv7e-m/fpu\libc_nano.a(lib_a-nano-freer.o)
                              c:/program files (x86)/atollic/truestudio for stm32 9.0.1/armtools/bin/../lib/gcc/arm-atollic-eabi/6.3.1/../../../../arm-atollic-eabi/lib/armv7e-m/fpu\libc_nano.a(lib_a-malloc.o) (_free_r)
c:/program files (x86)/atollic/truestudio for stm32 9.0.1/armtools/bin/../lib/gcc/arm-atollic-eabi/6.3.1/../../../../arm-atollic-eabi/lib/armv7e-m/fpu\libc_nano.a(lib_a-nano-mallocr.o)
                              c:/program files (x86)/atollic/truestudio for stm32 9.0.1/armtools/bin/../lib/gcc/arm-atollic-eabi/6.3.1/../../../../arm-atollic-eabi/lib/armv7e-m/fpu\libc_nano.a(lib_a-malloc.o) (_malloc_r)
c:/program files (x86)/atollic/truestudio for stm32 9.0.1/armtools/bin/../lib/gcc/arm-atollic-eabi/6.3.1/../../../../arm-atollic-eabi/lib/armv7e-m/fpu\libc_nano.a(lib_a-nano-vfprintf.o)
                              c:/program files (x86)/atollic/truestudio for stm32 9.0.1/armtools/bin/../lib/gcc/arm-atollic-eabi/6.3.1/../../../../arm-atollic-eabi/lib/armv7e-m/fpu\libc_nano.a(lib_a-fprintf.o) (_vfprintf_r)
c:/program files (x86)/atollic/truestudio for stm32 9.0.1/armtools/bin/../lib/gcc/arm-atollic-eabi/6.3.1/../../../../arm-atollic-eabi/lib/armv7e-m/fpu\libc_nano.a(lib_a-nano-vfprintf_i.o)
                              c:/program files (x86)/atollic/truestudio for stm32 9.0.1/armtools/bin/../lib/gcc/arm-atollic-eabi/6.3.1/../../../../arm-atollic-eabi/lib/armv7e-m/fpu\libc_nano.a(lib_a-nano-vfprintf.o) (_printf_i)
c:/program files (x86)/atollic/truestudio for stm32 9.0.1/armtools/bin/../lib/gcc/arm-atollic-eabi/6.3.1/../../../../arm-atollic-eabi/lib/armv7e-m/fpu\libc_nano.a(lib_a-printf.o)
                              Middlewares\ST\STM32_USB_Device_Library\Core\Src\usbd_core.o (printf)
c:/program files (x86)/atollic/truestudio for stm32 9.0.1/armtools/bin/../lib/gcc/arm-atollic-eabi/6.3.1/../../../../arm-atollic-eabi/lib/armv7e-m/fpu\libc_nano.a(lib_a-putchar.o)
                              Middlewares\ST\STM32_USB_Device_Library\Core\Src\usbd_core.o (putchar)
c:/program files (x86)/atollic/truestudio for stm32 9.0.1/armtools/bin/../lib/gcc/arm-atollic-eabi/6.3.1/../../../../arm-atollic-eabi/lib/armv7e-m/fpu\libc_nano.a(lib_a-sbrkr.o)
                              c:/program files (x86)/atollic/truestudio for stm32 9.0.1/armtools/bin/../lib/gcc/arm-atollic-eabi/6.3.1/../../../../arm-atollic-eabi/lib/armv7e-m/fpu\libc_nano.a(lib_a-nano-mallocr.o) (_sbrk_r)
c:/program files (x86)/atollic/truestudio for stm32 9.0.1/armtools/bin/../lib/gcc/arm-atollic-eabi/6.3.1/../../../../arm-atollic-eabi/lib/armv7e-m/fpu\libc_nano.a(lib_a-strcmp.o)
                              Src\json_decoder.o (strcmp)
[...]
Memory Configuration

Name             Origin             Length             Attributes
RAM              0x20000000         0x00020000         xrw
CCMRAM           0x10000000         0x00010000         rw
FLASH            0x08000000         0x00100000         xr
*default*        0x00000000         0xffffffff

Linker script and memory map

LOAD c:/program files (x86)/atollic/truestudio for stm32 9.0.1/armtools/bin/../lib/gcc/arm-atollic-eabi/6.3.1/armv7e-m/fpu/crti.o
LOAD c:/program files (x86)/atollic/truestudio for stm32 9.0.1/armtools/bin/../lib/gcc/arm-atollic-eabi/6.3.1/armv7e-m/fpu/crtbegin.o
LOAD Drivers\STM32F4xx_HAL_Driver\Src\stm32f4xx_hal.o
LOAD Drivers\STM32F4xx_HAL_Driver\Src\stm32f4xx_hal_cortex.o
LOAD Drivers\STM32F4xx_HAL_Driver\Src\stm32f4xx_hal_dma.o
LOAD Drivers\STM32F4xx_HAL_Driver\Src\stm32f4xx_hal_dma_ex.o
LOAD Drivers\STM32F4xx_HAL_Driver\Src\stm32f4xx_hal_flash.o
LOAD Drivers\STM32F4xx_HAL_Driver\Src\stm32f4xx_hal_flash_ex.o
LOAD Drivers\STM32F4xx_HAL_Driver\Src\stm32f4xx_hal_flash_ramfunc.o
LOAD Drivers\STM32F4xx_HAL_Driver\Src\stm32f4xx_hal_gpio.o
LOAD Drivers\STM32F4xx_HAL_Driver\Src\stm32f4xx_hal_i2c.o
LOAD Drivers\STM32F4xx_HAL_Driver\Src\stm32f4xx_hal_i2c_ex.o
LOAD Drivers\STM32F4xx_HAL_Driver\Src\stm32f4xx_hal_i2s.o
LOAD Drivers\STM32F4xx_HAL_Driver\Src\stm32f4xx_hal_i2s_ex.o
LOAD Drivers\STM32F4xx_HAL_Driver\Src\stm32f4xx_hal_pcd.o
LOAD Drivers\STM32F4xx_HAL_Driver\Src\stm32f4xx_hal_pcd_ex.o
LOAD Drivers\STM32F4xx_HAL_Driver\Src\stm32f4xx_hal_pwr.o
LOAD Drivers\STM32F4xx_HAL_Driver\Src\stm32f4xx_hal_pwr_ex.o
LOAD Drivers\STM32F4xx_HAL_Driver\Src\stm32f4xx_hal_rcc.o
LOAD Drivers\STM32F4xx_HAL_Driver\Src\stm32f4xx_hal_rcc_ex.o
LOAD Drivers\STM32F4xx_HAL_Driver\Src\stm32f4xx_hal_spi.o
LOAD Drivers\STM32F4xx_HAL_Driver\Src\stm32f4xx_hal_tim.o
LOAD Drivers\STM32F4xx_HAL_Driver\Src\stm32f4xx_hal_tim_ex.o
LOAD Drivers\STM32F4xx_HAL_Driver\Src\stm32f4xx_ll_usb.o
LOAD Middlewares\ST\STM32_USB_Device_Library\Class\CDC\Src\usbd_cdc.o
LOAD Middlewares\ST\STM32_USB_Device_Library\Core\Src\usbd_core.o
LOAD Middlewares\ST\STM32_USB_Device_Library\Core\Src\usbd_ctlreq.o
LOAD Middlewares\ST\STM32_USB_Device_Library\Core\Src\usbd_ioreq.o
LOAD Src\controller.o
LOAD Src\json_decoder.o
LOAD Src\led.o
LOAD Src\main.o
LOAD Src\pattern.o
LOAD Src\sequence.o
LOAD Src\stm32f4xx_hal_msp.o
LOAD Src\stm32f4xx_it.o
LOAD Src\system_stm32f4xx.o
LOAD Src\usb_device.o
LOAD Src\usbd_cdc_if.o
LOAD Src\usbd_conf.o
LOAD Src\usbd_desc.o
LOAD Src\vcp_communication.o
LOAD startup\startup_stm32f407xx.o
                0x00000080                malloc_getpagesize_P = 0x80
START GROUP
LOAD c:/program files (x86)/atollic/truestudio for stm32 9.0.1/armtools/bin/../lib/gcc/arm-atollic-eabi/6.3.1/../../../../arm-atollic-eabi/lib/armv7e-m/fpu\libc_nano.a
LOAD c:/program files (x86)/atollic/truestudio for stm32 9.0.1/armtools/bin/../lib/gcc/arm-atollic-eabi/6.3.1/../../../../arm-atollic-eabi/lib/armv7e-m/fpu\libm.a
END GROUP
START GROUP
LOAD c:/program files (x86)/atollic/truestudio for stm32 9.0.1/armtools/bin/../lib/gcc/arm-atollic-eabi/6.3.1/armv7e-m/fpu\libgcc.a
LOAD c:/program files (x86)/atollic/truestudio for stm32 9.0.1/armtools/bin/../lib/gcc/arm-atollic-eabi/6.3.1/../../../../arm-atollic-eabi/lib/armv7e-m/fpu\libc_nano.a
END GROUP
START GROUP
LOAD c:/program files (x86)/atollic/truestudio for stm32 9.0.1/armtools/bin/../lib/gcc/arm-atollic-eabi/6.3.1/armv7e-m/fpu\libgcc.a
LOAD c:/program files (x86)/atollic/truestudio for stm32 9.0.1/armtools/bin/../lib/gcc/arm-atollic-eabi/6.3.1/../../../../arm-atollic-eabi/lib/armv7e-m/fpu\libc_nano.a
LOAD c:/program files (x86)/atollic/truestudio for stm32 9.0.1/armtools/bin/../lib/gcc/arm-atollic-eabi/6.3.1/../../../../arm-atollic-eabi/lib/armv7e-m/fpu\libnosys.a
END GROUP
START GROUP
LOAD c:/program files (x86)/atollic/truestudio for stm32 9.0.1/armtools/bin/../lib/gcc/arm-atollic-eabi/6.3.1/armv7e-m/fpu\libgcc.a
LOAD c:/program files (x86)/atollic/truestudio for stm32 9.0.1/armtools/bin/../lib/gcc/arm-atollic-eabi/6.3.1/../../../../arm-atollic-eabi/lib/armv7e-m/fpu\libc_nano.a
LOAD c:/program files (x86)/atollic/truestudio for stm32 9.0.1/armtools/bin/../lib/gcc/arm-atollic-eabi/6.3.1/../../../../arm-atollic-eabi/lib/armv7e-m/fpu\libnosys.a
END GROUP
LOAD c:/program files (x86)/atollic/truestudio for stm32 9.0.1/armtools/bin/../lib/gcc/arm-atollic-eabi/6.3.1/armv7e-m/fpu/crtend.o
LOAD c:/program files (x86)/atollic/truestudio for stm32 9.0.1/armtools/bin/../lib/gcc/arm-atollic-eabi/6.3.1/armv7e-m/fpu/crtn.o
                0x20020000                _estack = 0x20020000
                0x00000200                _Min_Heap_Size = 0x200
                0x00000400                _Min_Stack_Size = 0x400

.isr_vector     0x08000000      0x188
                0x08000000                . = ALIGN (0x4)
 *(.isr_vector)
 .isr_vector    0x08000000      0x188 startup\startup_stm32f407xx.o
                0x08000000                g_pfnVectors
                0x08000188                . = ALIGN (0x4)

.text           0x08000190     0xacdc
                0x08000190                . = ALIGN (0x4)
 *(.text)
 .text          0x08000190       0x40 c:/program files (x86)/atollic/truestudio for stm32 9.0.1/armtools/bin/../lib/gcc/arm-atollic-eabi/6.3.1/armv7e-m/fpu/crtbegin.o
 .text          0x080001d0       0x14 c:/program files (x86)/atollic/truestudio for stm32 9.0.1/armtools/bin/../lib/gcc/arm-atollic-eabi/6.3.1/../../../../arm-atollic-eabi/lib/armv7e-m/fpu\libc_nano.a(lib_a-strcmp.o)
                0x080001d0                strcmp
 *fill*         0x080001e4        0xc 
 .text          0x080001f0       0xa0 c:/program files (x86)/atollic/truestudio for stm32 9.0.1/armtools/bin/../lib/gcc/arm-atollic-eabi/6.3.1/../../../../arm-atollic-eabi/lib/armv7e-m/fpu\libc_nano.a(lib_a-memchr.o)
                0x080001f0                memchr
 .text          0x08000290       0x30 c:/program files (x86)/atollic/truestudio for stm32 9.0.1/armtools/bin/../lib/gcc/arm-atollic-eabi/6.3.1/armv7e-m/fpu\libgcc.a(_aeabi_uldivmod.o)
                0x08000290                __aeabi_uldivmod
 .text          0x080002c0      0x2dc c:/program files (x86)/atollic/truestudio for stm32 9.0.1/armtools/bin/../lib/gcc/arm-atollic-eabi/6.3.1/armv7e-m/fpu\libgcc.a(_udivmoddi4.o)
                0x080002c0                __udivmoddi4
 .text          0x0800059c        0x4 c:/program files (x86)/atollic/truestudio for stm32 9.0.1/armtools/bin/../lib/gcc/arm-atollic-eabi/6.3.1/armv7e-m/fpu\libgcc.a(_dvmd_tls.o)
                0x0800059c                __aeabi_idiv0
                0x0800059c                __aeabi_ldiv0
 *(.text*)
 .text.HAL_Init
                0x080005a0       0x44 Drivers\STM32F4xx_HAL_Driver\Src\stm32f4xx_hal.o
                0x080005a0                HAL_Init
 .text.HAL_InitTick
                0x080005e4       0x60 Drivers\STM32F4xx_HAL_Driver\Src\stm32f4xx_hal.o
                0x080005e4                HAL_InitTick
 .text.HAL_IncTick
                0x08000644       0x28 Drivers\STM32F4xx_HAL_Driver\Src\stm32f4xx_hal.o
                0x08000644                HAL_IncTick
 .text.HAL_GetTick
                0x0800066c       0x18 Drivers\STM32F4xx_HAL_Driver\Src\stm32f4xx_hal.o
                0x0800066c                HAL_GetTick
 .text.HAL_Delay
                0x08000684       0x44 Drivers\STM32F4xx_HAL_Driver\Src\stm32f4xx_hal.o
                0x08000684                HAL_Delay
 .text.NVIC_SetPriorityGrouping
                0x080006c8       0x48 Drivers\STM32F4xx_HAL_Driver\Src\stm32f4xx_hal_cortex.o
 .text.NVIC_GetPriorityGrouping
                0x08000710       0x1c Drivers\STM32F4xx_HAL_Driver\Src\stm32f4xx_hal_cortex.o
 .text.NVIC_EnableIRQ
                0x0800072c       0x34 Drivers\STM32F4xx_HAL_Driver\Src\stm32f4xx_hal_cortex.o
 .text.NVIC_SetPriority
                0x08000760       0x54 Drivers\STM32F4xx_HAL_Driver\Src\stm32f4xx_hal_cortex.o
 .text.NVIC_EncodePriority
                0x080007b4       0x62 Drivers\STM32F4xx_HAL_Driver\Src\stm32f4xx_hal_cortex.o
 *fill*         0x08000816        0x2 
 .text.SysTick_Config
                0x08000818       0x44 Drivers\STM32F4xx_HAL_Driver\Src\stm32f4xx_hal_cortex.o
 .text.HAL_NVIC_SetPriorityGrouping
                0x0800085c       0x16 Drivers\STM32F4xx_HAL_Driver\Src\stm32f4xx_hal_cortex.o
                0x0800085c                HAL_NVIC_SetPriorityGrouping
 .text.HAL_NVIC_SetPriority
                0x08000872       0x38 Drivers\STM32F4xx_HAL_Driver\Src\stm32f4xx_hal_cortex.o
                0x08000872                HAL_NVIC_SetPriority
 .text.HAL_NVIC_EnableIRQ
                0x080008aa       0x1c Drivers\STM32F4xx_HAL_Driver\Src\stm32f4xx_hal_cortex.o
                0x080008aa                HAL_NVIC_EnableIRQ
 .text.HAL_SYSTICK_Config
                0x080008c6       0x18 Drivers\STM32F4xx_HAL_Driver\Src\stm32f4xx_hal_cortex.o
                0x080008c6                HAL_SYSTICK_Config
 *fill*         0x080008de        0x2 
 .text.HAL_SYSTICK_CLKSourceConfig
                0x080008e0       0x38 Drivers\STM32F4xx_HAL_Driver\Src\stm32f4xx_hal_cortex.o
                0x080008e0                HAL_SYSTICK_CLKSourceConfig
 .text.HAL_SYSTICK_IRQHandler
                0x08000918        0xc Drivers\STM32F4xx_HAL_Driver\Src\stm32f4xx_hal_cortex.o
                0x08000918                HAL_SYSTICK_IRQHandler
 .text.HAL_SYSTICK_Callback
                0x08000924        0xe Drivers\STM32F4xx_HAL_Driver\Src\stm32f4xx_hal_cortex.o
                0x08000924                HAL_SYSTICK_Callback
 *fill*         0x08000932        0x2 
 .text.HAL_GPIO_Init
                0x08000934      0x334 Drivers\STM32F4xx_HAL_Driver\Src\stm32f4xx_hal_gpio.o
                0x08000934                HAL_GPIO_Init
 .text.HAL_GPIO_WritePin
                0x08000c68       0x32 Drivers\STM32F4xx_HAL_Driver\Src\stm32f4xx_hal_gpio.o
                0x08000c68                HAL_GPIO_WritePin
 *fill*         0x08000c9a        0x2 
 .text.HAL_I2C_Init
                0x08000c9c      0x1c0 Drivers\STM32F4xx_HAL_Driver\Src\stm32f4xx_hal_i2c.o
                0x08000c9c                HAL_I2C_Init
 .text.HAL_I2S_Init
                0x08000e5c      0x2a0 Drivers\STM32F4xx_HAL_Driver\Src\stm32f4xx_hal_i2s.o
                0x08000e5c                HAL_I2S_Init
 .text.HAL_I2S_TxCpltCallback
                0x080010fc       0x14 Drivers\STM32F4xx_HAL_Driver\Src\stm32f4xx_hal_i2s.o
                0x080010fc                HAL_I2S_TxCpltCallback
 .text.HAL_I2S_RxCpltCallback
                0x08001110       0x14 Drivers\STM32F4xx_HAL_Driver\Src\stm32f4xx_hal_i2s.o
                0x08001110                HAL_I2S_RxCpltCallback
 .text.HAL_I2S_ErrorCallback
                0x08001124       0x14 Drivers\STM32F4xx_HAL_Driver\Src\stm32f4xx_hal_i2s.o
                0x08001124                HAL_I2S_ErrorCallback
 .text.I2S_Transmit_IT
                0x08001138       0x5a Drivers\STM32F4xx_HAL_Driver\Src\stm32f4xx_hal_i2s.o
 .text.I2S_Receive_IT
                0x08001192       0x5c Drivers\STM32F4xx_HAL_Driver\Src\stm32f4xx_hal_i2s.o
 .text.I2S_IRQHandler
                0x080011ee      0x118 Drivers\STM32F4xx_HAL_Driver\Src\stm32f4xx_hal_i2s.o
 *fill*         0x08001306        0x2 
 .text.HAL_I2SEx_FullDuplex_IRQHandler
                0x08001308      0x308 Drivers\STM32F4xx_HAL_Driver\Src\stm32f4xx_hal_i2s_ex.o
                0x08001308                HAL_I2SEx_FullDuplex_IRQHandler
 .text.HAL_I2SEx_TxRxCpltCallback
                0x08001610       0x14 Drivers\STM32F4xx_HAL_Driver\Src\stm32f4xx_hal_i2s_ex.o
                0x08001610                HAL_I2SEx_TxRxCpltCallback
 .text.I2SEx_FullDuplexTx_IT
                0x08001624       0xf4 Drivers\STM32F4xx_HAL_Driver\Src\stm32f4xx_hal_i2s_ex.o
 .text.I2SEx_FullDuplexRx_IT
                0x08001718       0xf8 Drivers\STM32F4xx_HAL_Driver\Src\stm32f4xx_hal_i2s_ex.o
 .text.HAL_PCD_Init
                0x08001810      0x20e Drivers\STM32F4xx_HAL_Driver\Src\stm32f4xx_hal_pcd.o
                0x08001810                HAL_PCD_Init
 .text.HAL_PCD_Start
                0x08001a1e       0x44 Drivers\STM32F4xx_HAL_Driver\Src\stm32f4xx_hal_pcd.o
                0x08001a1e                HAL_PCD_Start
 *fill*         0x08001a62        0x2 
 .text.HAL_PCD_IRQHandler
                0x08001a64      0x914 Drivers\STM32F4xx_HAL_Driver\Src\stm32f4xx_hal_pcd.o
                0x08001a64                HAL_PCD_IRQHandler
 .text.HAL_PCD_SetAddress
                0x08002378       0x42 Drivers\STM32F4xx_HAL_Driver\Src\stm32f4xx_hal_pcd.o
                0x08002378                HAL_PCD_SetAddress
 .text.HAL_PCD_EP_Open
                0x080023ba       0xd0 Drivers\STM32F4xx_HAL_Driver\Src\stm32f4xx_hal_pcd.o
                0x080023ba                HAL_PCD_EP_Open
 .text.HAL_PCD_EP_Close
                0x0800248a       0x94 Drivers\STM32F4xx_HAL_Driver\Src\stm32f4xx_hal_pcd.o
                0x0800248a                HAL_PCD_EP_Close
 .text.HAL_PCD_EP_Receive
                0x0800251e       0x94 Drivers\STM32F4xx_HAL_Driver\Src\stm32f4xx_hal_pcd.o
                0x0800251e                HAL_PCD_EP_Receive
 .text.HAL_PCD_EP_GetRxCount
                0x080025b2       0x32 Drivers\STM32F4xx_HAL_Driver\Src\stm32f4xx_hal_pcd.o
                0x080025b2                HAL_PCD_EP_GetRxCount
 .text.HAL_PCD_EP_Transmit
                0x080025e4       0x92 Drivers\STM32F4xx_HAL_Driver\Src\stm32f4xx_hal_pcd.o
                0x080025e4                HAL_PCD_EP_Transmit
 .text.HAL_PCD_EP_SetStall
                0x08002676       0xb6 Drivers\STM32F4xx_HAL_Driver\Src\stm32f4xx_hal_pcd.o
                0x08002676                HAL_PCD_EP_SetStall
 .text.HAL_PCD_EP_ClrStall
                0x0800272c       0x96 Drivers\STM32F4xx_HAL_Driver\Src\stm32f4xx_hal_pcd.o
                0x0800272c                HAL_PCD_EP_ClrStall
 .text.PCD_WriteEmptyTxFifo
                0x080027c2      0x104 Drivers\STM32F4xx_HAL_Driver\Src\stm32f4xx_hal_pcd.o
 .text.HAL_PCDEx_SetTxFiFo
                0x080028c6       0x96 Drivers\STM32F4xx_HAL_Driver\Src\stm32f4xx_hal_pcd_ex.o
                0x080028c6                HAL_PCDEx_SetTxFiFo
 .text.HAL_PCDEx_SetRxFiFo
                0x0800295c       0x22 Drivers\STM32F4xx_HAL_Driver\Src\stm32f4xx_hal_pcd_ex.o
                0x0800295c                HAL_PCDEx_SetRxFiFo
 *fill*         0x0800297e        0x2 
 .text.HAL_RCC_OscConfig
                0x08002980      0x484 Drivers\STM32F4xx_HAL_Driver\Src\stm32f4xx_hal_rcc.o
                0x08002980                HAL_RCC_OscConfig
 .text.HAL_RCC_ClockConfig
                0x08002e04      0x1c4 Drivers\STM32F4xx_HAL_Driver\Src\stm32f4xx_hal_rcc.o
                0x08002e04                HAL_RCC_ClockConfig
 .text.HAL_RCC_GetSysClockFreq
                0x08002fc8      0x1b0 Drivers\STM32F4xx_HAL_Driver\Src\stm32f4xx_hal_rcc.o
                0x08002fc8                HAL_RCC_GetSysClockFreq
 .text.HAL_RCC_GetHCLKFreq
                0x08003178       0x18 Drivers\STM32F4xx_HAL_Driver\Src\stm32f4xx_hal_rcc.o
                0x08003178                HAL_RCC_GetHCLKFreq
 .text.HAL_RCC_GetPCLK1Freq
                0x08003190       0x28 Drivers\STM32F4xx_HAL_Driver\Src\stm32f4xx_hal_rcc.o
                0x08003190                HAL_RCC_GetPCLK1Freq
 .text.HAL_RCCEx_PeriphCLKConfig
                0x080031b8      0x1c4 Drivers\STM32F4xx_HAL_Driver\Src\stm32f4xx_hal_rcc_ex.o
                0x080031b8                HAL_RCCEx_PeriphCLKConfig
 .text.HAL_RCCEx_GetPeriphCLKFreq
                0x0800337c       0xb8 Drivers\STM32F4xx_HAL_Driver\Src\stm32f4xx_hal_rcc_ex.o
                0x0800337c                HAL_RCCEx_GetPeriphCLKFreq
 .text.HAL_SPI_Init
                0x08003434       0xc6 Drivers\STM32F4xx_HAL_Driver\Src\stm32f4xx_hal_spi.o
                0x08003434                HAL_SPI_Init
 .text.HAL_TIM_Base_Init
                0x080034fa       0x56 Drivers\STM32F4xx_HAL_Driver\Src\stm32f4xx_hal_tim.o
                0x080034fa                HAL_TIM_Base_Init
 .text.HAL_TIM_Base_Start
                0x08003550       0x36 Drivers\STM32F4xx_HAL_Driver\Src\stm32f4xx_hal_tim.o
                0x08003550                HAL_TIM_Base_Start
 .text.HAL_TIM_Base_Start_IT
                0x08003586       0x36 Drivers\STM32F4xx_HAL_Driver\Src\stm32f4xx_hal_tim.o
                0x08003586                HAL_TIM_Base_Start_IT
 .text.HAL_TIM_PWM_Init
                0x080035bc       0x56 Drivers\STM32F4xx_HAL_Driver\Src\stm32f4xx_hal_tim.o
                0x080035bc                HAL_TIM_PWM_Init
 *fill*         0x08003612        0x2 
 .text.HAL_TIM_PWM_Start
                0x08003614       0x68 Drivers\STM32F4xx_HAL_Driver\Src\stm32f4xx_hal_tim.o
                0x08003614                HAL_TIM_PWM_Start
 .text.HAL_TIM_IRQHandler
                0x0800367c      0x210 Drivers\STM32F4xx_HAL_Driver\Src\stm32f4xx_hal_tim.o
                0x0800367c                HAL_TIM_IRQHandler
 .text.HAL_TIM_PWM_ConfigChannel
                0x0800388c      0x18c Drivers\STM32F4xx_HAL_Driver\Src\stm32f4xx_hal_tim.o
                0x0800388c                HAL_TIM_PWM_ConfigChannel
 .text.HAL_TIM_ConfigClockSource
                0x08003a18      0x1b6 Drivers\STM32F4xx_HAL_Driver\Src\stm32f4xx_hal_tim.o
                0x08003a18                HAL_TIM_ConfigClockSource
 .text.HAL_TIM_PeriodElapsedCallback
                0x08003bce       0x14 Drivers\STM32F4xx_HAL_Driver\Src\stm32f4xx_hal_tim.o
                0x08003bce                HAL_TIM_PeriodElapsedCallback
 .text.HAL_TIM_OC_DelayElapsedCallback
                0x08003be2       0x14 Drivers\STM32F4xx_HAL_Driver\Src\stm32f4xx_hal_tim.o
                0x08003be2                HAL_TIM_OC_DelayElapsedCallback
 .text.HAL_TIM_IC_CaptureCallback
                0x08003bf6       0x14 Drivers\STM32F4xx_HAL_Driver\Src\stm32f4xx_hal_tim.o
                0x08003bf6                HAL_TIM_IC_CaptureCallback
 .text.HAL_TIM_PWM_PulseFinishedCallback
                0x08003c0a       0x14 Drivers\STM32F4xx_HAL_Driver\Src\stm32f4xx_hal_tim.o
                0x08003c0a                HAL_TIM_PWM_PulseFinishedCallback
 .text.HAL_TIM_TriggerCallback
                0x08003c1e       0x14 Drivers\STM32F4xx_HAL_Driver\Src\stm32f4xx_hal_tim.o
                0x08003c1e                HAL_TIM_TriggerCallback
 *fill*         0x08003c32        0x2 
 .text.TIM_Base_SetConfig
                0x08003c34      0x154 Drivers\STM32F4xx_HAL_Driver\Src\stm32f4xx_hal_tim.o
                0x08003c34                TIM_Base_SetConfig
 .text.TIM_OC2_SetConfig
                0x08003d88       0xf0 Drivers\STM32F4xx_HAL_Driver\Src\stm32f4xx_hal_tim.o
                0x08003d88                TIM_OC2_SetConfig
 .text.TIM_CCxChannelCmd
                0x08003e78       0x46 Drivers\STM32F4xx_HAL_Driver\Src\stm32f4xx_hal_tim.o
                0x08003e78                TIM_CCxChannelCmd
 *fill*         0x08003ebe        0x2 
 .text.TIM_OC1_SetConfig
                0x08003ec0       0xe8 Drivers\STM32F4xx_HAL_Driver\Src\stm32f4xx_hal_tim.o
 .text.TIM_OC3_SetConfig
                0x08003fa8       0xf0 Drivers\STM32F4xx_HAL_Driver\Src\stm32f4xx_hal_tim.o
 .text.TIM_OC4_SetConfig
                0x08004098       0xc0 Drivers\STM32F4xx_HAL_Driver\Src\stm32f4xx_hal_tim.o
 .text.TIM_TI1_ConfigInputStage
                0x08004158       0x66 Drivers\STM32F4xx_HAL_Driver\Src\stm32f4xx_hal_tim.o
 .text.TIM_TI2_ConfigInputStage
                0x080041be       0x68 Drivers\STM32F4xx_HAL_Driver\Src\stm32f4xx_hal_tim.o
 .text.TIM_ITRx_SetConfig
                0x08004226       0x40 Drivers\STM32F4xx_HAL_Driver\Src\stm32f4xx_hal_tim.o
 .text.TIM_ETR_SetConfig
                0x08004266       0x44 Drivers\STM32F4xx_HAL_Driver\Src\stm32f4xx_hal_tim.o
 .text.HAL_TIMEx_MasterConfigSynchronization
                0x080042aa       0x8a Drivers\STM32F4xx_HAL_Driver\Src\stm32f4xx_hal_tim_ex.o
                0x080042aa                HAL_TIMEx_MasterConfigSynchronization
 .text.HAL_TIMEx_ConfigBreakDeadTime
                0x08004334       0xb2 Drivers\STM32F4xx_HAL_Driver\Src\stm32f4xx_hal_tim_ex.o
                0x08004334                HAL_TIMEx_ConfigBreakDeadTime
 .text.HAL_TIMEx_CommutationCallback
                0x080043e6       0x14 Drivers\STM32F4xx_HAL_Driver\Src\stm32f4xx_hal_tim_ex.o
                0x080043e6                HAL_TIMEx_CommutationCallback
 .text.HAL_TIMEx_BreakCallback
                0x080043fa       0x14 Drivers\STM32F4xx_HAL_Driver\Src\stm32f4xx_hal_tim_ex.o
                0x080043fa                HAL_TIMEx_BreakCallback
 .text.USB_CoreInit
                0x0800440e       0xa2 Drivers\STM32F4xx_HAL_Driver\Src\stm32f4xx_ll_usb.o
                0x0800440e                USB_CoreInit
 .text.USB_EnableGlobalInt
                0x080044b0       0x22 Drivers\STM32F4xx_HAL_Driver\Src\stm32f4xx_ll_usb.o
                0x080044b0                USB_EnableGlobalInt
 .text.USB_DisableGlobalInt
                0x080044d2       0x22 Drivers\STM32F4xx_HAL_Driver\Src\stm32f4xx_ll_usb.o
                0x080044d2                USB_DisableGlobalInt
 .text.USB_SetCurrentMode
                0x080044f4       0x4e Drivers\STM32F4xx_HAL_Driver\Src\stm32f4xx_ll_usb.o
                0x080044f4                USB_SetCurrentMode
 *fill*         0x08004542        0x2 
 .text.USB_DevInit
                0x08004544      0x264 Drivers\STM32F4xx_HAL_Driver\Src\stm32f4xx_ll_usb.o
                0x08004544                USB_DevInit
 .text.USB_FlushTxFifo
                0x080047a8       0x4c Drivers\STM32F4xx_HAL_Driver\Src\stm32f4xx_ll_usb.o
                0x080047a8                USB_FlushTxFifo
 .text.USB_FlushRxFifo
                0x080047f4       0x44 Drivers\STM32F4xx_HAL_Driver\Src\stm32f4xx_ll_usb.o
                0x080047f4                USB_FlushRxFifo
 .text.USB_SetDevSpeed
                0x08004838       0x30 Drivers\STM32F4xx_HAL_Driver\Src\stm32f4xx_ll_usb.o
                0x08004838                USB_SetDevSpeed
 .text.USB_GetDevSpeed
                0x08004868       0x6a Drivers\STM32F4xx_HAL_Driver\Src\stm32f4xx_ll_usb.o
                0x08004868                USB_GetDevSpeed
 .text.USB_ActivateEndpoint
                0x080048d2      0x112 Drivers\STM32F4xx_HAL_Driver\Src\stm32f4xx_ll_usb.o
                0x080048d2                USB_ActivateEndpoint
 .text.USB_DeactivateEndpoint
                0x080049e4      0x184 Drivers\STM32F4xx_HAL_Driver\Src\stm32f4xx_ll_usb.o
                0x080049e4                USB_DeactivateEndpoint
 .text.USB_EPStartXfer
                0x08004b68      0x484 Drivers\STM32F4xx_HAL_Driver\Src\stm32f4xx_ll_usb.o
                0x08004b68                USB_EPStartXfer
 .text.USB_EP0StartXfer
                0x08004fec      0x2be Drivers\STM32F4xx_HAL_Driver\Src\stm32f4xx_ll_usb.o
                0x08004fec                USB_EP0StartXfer
 .text.USB_WritePacket
                0x080052aa       0x6a Drivers\STM32F4xx_HAL_Driver\Src\stm32f4xx_ll_usb.o
                0x080052aa                USB_WritePacket
 .text.USB_ReadPacket
                0x08005314       0x4e Drivers\STM32F4xx_HAL_Driver\Src\stm32f4xx_ll_usb.o
                0x08005314                USB_ReadPacket
 .text.USB_EPSetStall
                0x08005362       0xe2 Drivers\STM32F4xx_HAL_Driver\Src\stm32f4xx_ll_usb.o
                0x08005362                USB_EPSetStall
 .text.USB_EPClearStall
                0x08005444       0xda Drivers\STM32F4xx_HAL_Driver\Src\stm32f4xx_ll_usb.o
                0x08005444                USB_EPClearStall
 .text.USB_SetDevAddress
                0x0800551e       0x4c Drivers\STM32F4xx_HAL_Driver\Src\stm32f4xx_ll_usb.o
                0x0800551e                USB_SetDevAddress
 .text.USB_DevConnect
                0x0800556a       0x2e Drivers\STM32F4xx_HAL_Driver\Src\stm32f4xx_ll_usb.o
                0x0800556a                USB_DevConnect
 .text.USB_DevDisconnect
                0x08005598       0x2e Drivers\STM32F4xx_HAL_Driver\Src\stm32f4xx_ll_usb.o
                0x08005598                USB_DevDisconnect
 .text.USB_ReadInterrupts
                0x080055c6       0x2a Drivers\STM32F4xx_HAL_Driver\Src\stm32f4xx_ll_usb.o
                0x080055c6                USB_ReadInterrupts
 .text.USB_ReadDevAllOutEpInterrupt
                0x080055f0       0x30 Drivers\STM32F4xx_HAL_Driver\Src\stm32f4xx_ll_usb.o
                0x080055f0                USB_ReadDevAllOutEpInterrupt
 .text.USB_ReadDevAllInEpInterrupt
                0x08005620       0x30 Drivers\STM32F4xx_HAL_Driver\Src\stm32f4xx_ll_usb.o
                0x08005620                USB_ReadDevAllInEpInterrupt
 .text.USB_ReadDevOutEPInterrupt
                0x08005650       0x38 Drivers\STM32F4xx_HAL_Driver\Src\stm32f4xx_ll_usb.o
                0x08005650                USB_ReadDevOutEPInterrupt
 .text.USB_ReadDevInEPInterrupt
                0x08005688       0x54 Drivers\STM32F4xx_HAL_Driver\Src\stm32f4xx_ll_usb.o
                0x08005688                USB_ReadDevInEPInterrupt
 .text.USB_GetMode
                0x080056dc       0x1c Drivers\STM32F4xx_HAL_Driver\Src\stm32f4xx_ll_usb.o
                0x080056dc                USB_GetMode
 .text.USB_ActivateSetup
                0x080056f8       0x6c Drivers\STM32F4xx_HAL_Driver\Src\stm32f4xx_ll_usb.o
                0x080056f8                USB_ActivateSetup
 .text.USB_EP0_OutStart
                0x08005764       0x8a Drivers\STM32F4xx_HAL_Driver\Src\stm32f4xx_ll_usb.o
                0x08005764                USB_EP0_OutStart
 *fill*         0x080057ee        0x2 
 .text.USB_CoreReset
                0x080057f0       0x68 Drivers\STM32F4xx_HAL_Driver\Src\stm32f4xx_ll_usb.o
 .text.USBD_CDC_Init
                0x08005858       0xd4 Middlewares\ST\STM32_USB_Device_Library\Class\CDC\Src\usbd_cdc.o
 .text.USBD_CDC_DeInit
                0x0800592c       0x5a Middlewares\ST\STM32_USB_Device_Library\Class\CDC\Src\usbd_cdc.o
 *fill*         0x08005986        0x2 
 .text.USBD_CDC_Setup
                0x08005988       0xbc Middlewares\ST\STM32_USB_Device_Library\Class\CDC\Src\usbd_cdc.o
 .text.USBD_CDC_DataIn
                0x08005a44       0x38 Middlewares\ST\STM32_USB_Device_Library\Class\CDC\Src\usbd_cdc.o
 .text.USBD_CDC_DataOut
                0x08005a7c       0x56 Middlewares\ST\STM32_USB_Device_Library\Class\CDC\Src\usbd_cdc.o
 .text.USBD_CDC_EP0_RxReady
                0x08005ad2       0x50 Middlewares\ST\STM32_USB_Device_Library\Class\CDC\Src\usbd_cdc.o
 *fill*         0x08005b22        0x2 
 .text.USBD_CDC_GetFSCfgDesc
                0x08005b24       0x20 Middlewares\ST\STM32_USB_Device_Library\Class\CDC\Src\usbd_cdc.o
 .text.USBD_CDC_GetHSCfgDesc
                0x08005b44       0x20 Middlewares\ST\STM32_USB_Device_Library\Class\CDC\Src\usbd_cdc.o
 .text.USBD_CDC_GetOtherSpeedCfgDesc
                0x08005b64       0x20 Middlewares\ST\STM32_USB_Device_Library\Class\CDC\Src\usbd_cdc.o
 .text.USBD_CDC_GetDeviceQualifierDescriptor
                0x08005b84       0x20 Middlewares\ST\STM32_USB_Device_Library\Class\CDC\Src\usbd_cdc.o
                0x08005b84                USBD_CDC_GetDeviceQualifierDescriptor
 .text.USBD_CDC_RegisterInterface
                0x08005ba4       0x2e Middlewares\ST\STM32_USB_Device_Library\Class\CDC\Src\usbd_cdc.o
                0x08005ba4                USBD_CDC_RegisterInterface
 .text.USBD_CDC_SetTxBuffer
                0x08005bd2       0x34 Middlewares\ST\STM32_USB_Device_Library\Class\CDC\Src\usbd_cdc.o
                0x08005bd2                USBD_CDC_SetTxBuffer
 .text.USBD_CDC_SetRxBuffer
                0x08005c06       0x28 Middlewares\ST\STM32_USB_Device_Library\Class\CDC\Src\usbd_cdc.o
                0x08005c06                USBD_CDC_SetRxBuffer
 .text.USBD_CDC_TransmitPacket
                0x08005c2e       0x54 Middlewares\ST\STM32_USB_Device_Library\Class\CDC\Src\usbd_cdc.o
                0x08005c2e                USBD_CDC_TransmitPacket
 .text.USBD_CDC_ReceivePacket
                0x08005c82       0x54 Middlewares\ST\STM32_USB_Device_Library\Class\CDC\Src\usbd_cdc.o
                0x08005c82                USBD_CDC_ReceivePacket
 *fill*         0x08005cd6        0x2 
 .text.USBD_Init
                0x08005cd8       0x70 Middlewares\ST\STM32_USB_Device_Library\Core\Src\usbd_core.o
                0x08005cd8                USBD_Init
 .text.USBD_RegisterClass
                0x08005d48       0x4c Middlewares\ST\STM32_USB_Device_Library\Core\Src\usbd_core.o
                0x08005d48                USBD_RegisterClass
 .text.USBD_Start
                0x08005d94       0x18 Middlewares\ST\STM32_USB_Device_Library\Core\Src\usbd_core.o
                0x08005d94                USBD_Start
 .text.USBD_RunTestMode
                0x08005dac       0x16 Middlewares\ST\STM32_USB_Device_Library\Core\Src\usbd_core.o
                0x08005dac                USBD_RunTestMode
 .text.USBD_SetClassConfig
                0x08005dc2       0x3e Middlewares\ST\STM32_USB_Device_Library\Core\Src\usbd_core.o
                0x08005dc2                USBD_SetClassConfig
 .text.USBD_ClrClassConfig
                0x08005e00       0x26 Middlewares\ST\STM32_USB_Device_Library\Core\Src\usbd_core.o
                0x08005e00                USBD_ClrClassConfig
 .text.USBD_LL_SetupStage
                0x08005e26       0x94 Middlewares\ST\STM32_USB_Device_Library\Core\Src\usbd_core.o
                0x08005e26                USBD_LL_SetupStage
 .text.USBD_LL_DataOutStage
                0x08005eba       0xb6 Middlewares\ST\STM32_USB_Device_Library\Core\Src\usbd_core.o
                0x08005eba                USBD_LL_DataOutStage
 .text.USBD_LL_DataInStage
                0x08005f70      0x11e Middlewares\ST\STM32_USB_Device_Library\Core\Src\usbd_core.o
                0x08005f70                USBD_LL_DataInStage
 .text.USBD_LL_Reset
                0x0800608e       0x5e Middlewares\ST\STM32_USB_Device_Library\Core\Src\usbd_core.o
                0x0800608e                USBD_LL_Reset
 .text.USBD_LL_SetSpeed
                0x080060ec       0x20 Middlewares\ST\STM32_USB_Device_Library\Core\Src\usbd_core.o
                0x080060ec                USBD_LL_SetSpeed
 .text.USBD_LL_Suspend
                0x0800610c       0x2a Middlewares\ST\STM32_USB_Device_Library\Core\Src\usbd_core.o
                0x0800610c                USBD_LL_Suspend
 .text.USBD_LL_Resume
                0x08006136       0x22 Middlewares\ST\STM32_USB_Device_Library\Core\Src\usbd_core.o
                0x08006136                USBD_LL_Resume
 .text.USBD_LL_SOF
                0x08006158       0x34 Middlewares\ST\STM32_USB_Device_Library\Core\Src\usbd_core.o
                0x08006158                USBD_LL_SOF
 .text.USBD_LL_IsoINIncomplete
                0x0800618c       0x1a Middlewares\ST\STM32_USB_Device_Library\Core\Src\usbd_core.o
                0x0800618c                USBD_LL_IsoINIncomplete
 .text.USBD_LL_IsoOUTIncomplete
                0x080061a6       0x1a Middlewares\ST\STM32_USB_Device_Library\Core\Src\usbd_core.o
                0x080061a6                USBD_LL_IsoOUTIncomplete
 .text.USBD_LL_DevConnected
                0x080061c0       0x16 Middlewares\ST\STM32_USB_Device_Library\Core\Src\usbd_core.o
                0x080061c0                USBD_LL_DevConnected
 .text.USBD_LL_DevDisconnected
                0x080061d6       0x2e Middlewares\ST\STM32_USB_Device_Library\Core\Src\usbd_core.o
                0x080061d6                USBD_LL_DevDisconnected
 .text.USBD_StdDevReq
                0x08006204       0xa0 Middlewares\ST\STM32_USB_Device_Library\Core\Src\usbd_ctlreq.o
                0x08006204                USBD_StdDevReq
 .text.USBD_StdItfReq
                0x080062a4       0x66 Middlewares\ST\STM32_USB_Device_Library\Core\Src\usbd_ctlreq.o
                0x080062a4                USBD_StdItfReq
 .text.USBD_StdEPReq
                0x0800630a      0x1b0 Middlewares\ST\STM32_USB_Device_Library\Core\Src\usbd_ctlreq.o
                0x0800630a                USBD_StdEPReq
 *fill*         0x080064ba        0x2 
 .text.USBD_GetDescriptor
                0x080064bc      0x1e8 Middlewares\ST\STM32_USB_Device_Library\Core\Src\usbd_ctlreq.o
 .text.USBD_SetAddress
                0x080066a4       0x7c Middlewares\ST\STM32_USB_Device_Library\Core\Src\usbd_ctlreq.o
 .text.USBD_SetConfig
                0x08006720      0x110 Middlewares\ST\STM32_USB_Device_Library\Core\Src\usbd_ctlreq.o
 .text.USBD_GetConfig
                0x08006830       0x64 Middlewares\ST\STM32_USB_Device_Library\Core\Src\usbd_ctlreq.o
 .text.USBD_GetStatus
                0x08006894       0x54 Middlewares\ST\STM32_USB_Device_Library\Core\Src\usbd_ctlreq.o
 .text.USBD_SetFeature
                0x080068e8       0x36 Middlewares\ST\STM32_USB_Device_Library\Core\Src\usbd_ctlreq.o
 .text.USBD_ClrFeature
                0x0800691e       0x50 Middlewares\ST\STM32_USB_Device_Library\Core\Src\usbd_ctlreq.o
 .text.USBD_ParseSetupRequest
                0x0800696e       0x7a Middlewares\ST\STM32_USB_Device_Library\Core\Src\usbd_ctlreq.o
                0x0800696e                USBD_ParseSetupRequest
 .text.USBD_CtlError
                0x080069e8       0x22 Middlewares\ST\STM32_USB_Device_Library\Core\Src\usbd_ctlreq.o
                0x080069e8                USBD_CtlError
 .text.USBD_GetString
                0x08006a0a       0x86 Middlewares\ST\STM32_USB_Device_Library\Core\Src\usbd_ctlreq.o
                0x08006a0a                USBD_GetString
 .text.USBD_GetLen
                0x08006a90       0x30 Middlewares\ST\STM32_USB_Device_Library\Core\Src\usbd_ctlreq.o
 .text.USBD_CtlSendData
                0x08006ac0       0x38 Middlewares\ST\STM32_USB_Device_Library\Core\Src\usbd_ioreq.o
                0x08006ac0                USBD_CtlSendData
 .text.USBD_CtlContinueSendData
                0x08006af8       0x24 Middlewares\ST\STM32_USB_Device_Library\Core\Src\usbd_ioreq.o
                0x08006af8                USBD_CtlContinueSendData
 .text.USBD_CtlPrepareRx
                0x08006b1c       0x3c Middlewares\ST\STM32_USB_Device_Library\Core\Src\usbd_ioreq.o
                0x08006b1c                USBD_CtlPrepareRx
 .text.USBD_CtlContinueRx
                0x08006b58       0x24 Middlewares\ST\STM32_USB_Device_Library\Core\Src\usbd_ioreq.o
                0x08006b58                USBD_CtlContinueRx
 .text.USBD_CtlSendStatus
                0x08006b7c       0x26 Middlewares\ST\STM32_USB_Device_Library\Core\Src\usbd_ioreq.o
                0x08006b7c                USBD_CtlSendStatus
 .text.USBD_CtlReceiveStatus
                0x08006ba2       0x26 Middlewares\ST\STM32_USB_Device_Library\Core\Src\usbd_ioreq.o
                0x08006ba2                USBD_CtlReceiveStatus
 .text.UserCode_Init
                0x08006bc8       0x28 Src\controller.o
                0x08006bc8                UserCode_Init
 .text.UserCode_While
                0x08006bf0       0x4c Src\controller.o
                0x08006bf0                UserCode_While
 .text.generalObjectReceived
                0x08006c3c       0x20 Src\json_decoder.o
                0x08006c3c                generalObjectReceived
 .text.jsonResetObjectsFlags
                0x08006c5c       0x88 Src\json_decoder.o
                0x08006c5c                jsonResetObjectsFlags
 .text.jsonStringReceived
                0x08006ce4       0x98 Src\json_decoder.o
                0x08006ce4                jsonStringReceived
 .text.jsonNumberReceived
                0x08006d7c       0x94 Src\json_decoder.o
                0x08006d7c                jsonNumberReceived
 .text.jsonArrayValueReceived
                0x08006e10       0xac Src\json_decoder.o
                0x08006e10                jsonArrayValueReceived
 .text.jsonStartOfObject
                0x08006ebc       0xa0 Src\json_decoder.o
                0x08006ebc                jsonStartOfObject
 .text.jsonObjectReceived
                0x08006f5c       0x40 Src\json_decoder.o
                0x08006f5c                jsonObjectReceived
 .text.jsonParseObject
                0x08006f9c      0x2b0 Src\json_decoder.o
                0x08006f9c                jsonParseObject
 .text.jsonDecoding
                0x0800724c       0xf8 Src\json_decoder.o
                0x0800724c                jsonDecoding
 .text.LED_ObjectReceived
                0x08007344      0x10c Src\led.o
                0x08007344                LED_ObjectReceived
 .text.LED_init_for_measures
                0x08007450      0x114 Src\led.o
                0x08007450                LED_init_for_measures
 .text.LED_measure_update
                0x08007564       0x8c Src\led.o
                0x08007564                LED_measure_update
 .text.LED_change_PWM_duty
                0x080075f0       0x48 Src\led.o
                0x080075f0                LED_change_PWM_duty
 .text.LED_change_pattern_data
                0x08007638       0x8c Src\led.o
                0x08007638                LED_change_pattern_data
 .text.LED_change_pattern_interval
                0x080076c4       0x38 Src\led.o
                0x080076c4                LED_change_pattern_interval
 .text.LED_timer_interval_irq
                0x080076fc      0x188 Src\led.o
                0x080076fc                LED_timer_interval_irq
 .text.tim6_IRQ
                0x08007884       0x10 Src\main.o
                0x08007884                tim6_IRQ
 .text.change_PWM_duty
                0x08007894      0x1a0 Src\main.o
                0x08007894                change_PWM_duty
 .text.main     0x08007a34      0x15c Src\main.o
                0x08007a34                main
 .text.SystemClock_Config
                0x08007b90      0x118 Src\main.o
                0x08007b90                SystemClock_Config
 .text.MX_I2C1_Init
                0x08007ca8       0x68 Src\main.o
 .text.MX_I2S3_Init
                0x08007d10       0x68 Src\main.o
 .text.MX_SPI1_Init
                0x08007d78       0x78 Src\main.o
 .text.MX_TIM1_Init
                0x08007df0      0x184 Src\main.o
 .text.MX_TIM2_Init
                0x08007f74      0x130 Src\main.o
 .text.MX_TIM3_Init
                0x080080a4      0x134 Src\main.o
 .text.MX_TIM4_Init
                0x080081d8       0xc4 Src\main.o
 .text.MX_TIM5_Init
                0x0800829c       0xe0 Src\main.o
 .text.MX_TIM6_Init
                0x0800837c       0x6c Src\main.o
 .text.MX_TIM8_Init
                0x080083e8      0x168 Src\main.o
 .text.MX_TIM9_Init
                0x08008550       0xd8 Src\main.o
 .text.MX_TIM12_Init
                0x08008628       0x74 Src\main.o
 .text.MX_GPIO_Init
                0x0800869c      0x1f8 Src\main.o
 .text._Error_Handler
                0x08008894        0xc Src\main.o
                0x08008894                _Error_Handler
 .text.sequence_timer_IRQ
                0x080088a0      0x100 Src\sequence.o
                0x080088a0                sequence_timer_IRQ
 .text.HAL_MspInit
                0x080089a0       0xa4 Src\stm32f4xx_hal_msp.o
                0x080089a0                HAL_MspInit
 .text.HAL_I2C_MspInit
                0x08008a44       0x64 Src\stm32f4xx_hal_msp.o
                0x08008a44                HAL_I2C_MspInit
 .text.HAL_I2S_MspInit
                0x08008aa8       0x88 Src\stm32f4xx_hal_msp.o
                0x08008aa8                HAL_I2S_MspInit
 .text.HAL_SPI_MspInit
                0x08008b30       0x64 Src\stm32f4xx_hal_msp.o
                0x08008b30                HAL_SPI_MspInit
 .text.HAL_TIM_Base_MspInit
                0x08008b94      0x1a0 Src\stm32f4xx_hal_msp.o
                0x08008b94                HAL_TIM_Base_MspInit
 .text.HAL_TIM_PWM_MspInit
                0x08008d34       0x44 Src\stm32f4xx_hal_msp.o
                0x08008d34                HAL_TIM_PWM_MspInit
 .text.HAL_TIM_MspPostInit
                0x08008d78      0x194 Src\stm32f4xx_hal_msp.o
                0x08008d78                HAL_TIM_MspPostInit
 .text.SysTick_Handler
                0x08008f0c       0x10 Src\stm32f4xx_it.o
                0x08008f0c                SysTick_Handler
 .text.TIM8_BRK_TIM12_IRQHandler
                0x08008f1c       0x1c Src\stm32f4xx_it.o
                0x08008f1c                TIM8_BRK_TIM12_IRQHandler
 .text.TIM6_DAC_IRQHandler
                0x08008f38       0x18 Src\stm32f4xx_it.o
                0x08008f38                TIM6_DAC_IRQHandler
 .text.OTG_FS_IRQHandler
                0x08008f50       0x14 Src\stm32f4xx_it.o
                0x08008f50                OTG_FS_IRQHandler
 .text.SystemInit
                0x08008f64       0x6c Src\system_stm32f4xx.o
                0x08008f64                SystemInit
 .text.MX_USB_DEVICE_Init
                0x08008fd0       0x38 Src\usb_device.o
                0x08008fd0                MX_USB_DEVICE_Init
 .text.CDC_Init_FS
                0x08009008       0x28 Src\usbd_cdc_if.o
 .text.CDC_DeInit_FS
                0x08009030       0x10 Src\usbd_cdc_if.o
 .text.CDC_Control_FS
                0x08009040       0xf4 Src\usbd_cdc_if.o
 .text.CDC_Receive_FS
                0x08009134       0x1c Src\usbd_cdc_if.o
 .text.CDC_Transmit_FS
                0x08009150       0x4c Src\usbd_cdc_if.o
                0x08009150                CDC_Transmit_FS
 .text.HAL_PCD_MspInit
                0x0800919c       0x98 Src\usbd_conf.o
                0x0800919c                HAL_PCD_MspInit
 .text.HAL_PCD_SetupStageCallback
                0x08009234       0x24 Src\usbd_conf.o
                0x08009234                HAL_PCD_SetupStageCallback
 .text.HAL_PCD_DataOutStageCallback
                0x08009258       0x36 Src\usbd_conf.o
                0x08009258                HAL_PCD_DataOutStageCallback
 .text.HAL_PCD_DataInStageCallback
                0x0800928e       0x34 Src\usbd_conf.o
                0x0800928e                HAL_PCD_DataInStageCallback
 .text.HAL_PCD_SOFCallback
                0x080092c2       0x1c Src\usbd_conf.o
                0x080092c2                HAL_PCD_SOFCallback
 .text.HAL_PCD_ResetCallback
                0x080092de       0x50 Src\usbd_conf.o
                0x080092de                HAL_PCD_ResetCallback
 *fill*         0x0800932e        0x2 
 .text.HAL_PCD_SuspendCallback
                0x08009330       0x50 Src\usbd_conf.o
                0x08009330                HAL_PCD_SuspendCallback
 .text.HAL_PCD_ResumeCallback
                0x08009380       0x1c Src\usbd_conf.o
                0x08009380                HAL_PCD_ResumeCallback
 .text.HAL_PCD_ISOOUTIncompleteCallback
                0x0800939c       0x24 Src\usbd_conf.o
                0x0800939c                HAL_PCD_ISOOUTIncompleteCallback
 .text.HAL_PCD_ISOINIncompleteCallback
                0x080093c0       0x24 Src\usbd_conf.o
                0x080093c0                HAL_PCD_ISOINIncompleteCallback
 .text.HAL_PCD_ConnectCallback
                0x080093e4       0x1c Src\usbd_conf.o
                0x080093e4                HAL_PCD_ConnectCallback
 .text.HAL_PCD_DisconnectCallback
                0x08009400       0x1c Src\usbd_conf.o
                0x08009400                HAL_PCD_DisconnectCallback
 .text.USBD_LL_Init
                0x0800941c       0xa8 Src\usbd_conf.o
                0x0800941c                USBD_LL_Init
 .text.USBD_LL_Start
                0x080094c4       0x64 Src\usbd_conf.o
                0x080094c4                USBD_LL_Start
 .text.USBD_LL_OpenEP
                0x08009528       0x7c Src\usbd_conf.o
                0x08009528                USBD_LL_OpenEP
 .text.USBD_LL_CloseEP
                0x080095a4       0x6c Src\usbd_conf.o
                0x080095a4                USBD_LL_CloseEP
 .text.USBD_LL_StallEP
                0x08009610       0x6c Src\usbd_conf.o
                0x08009610                USBD_LL_StallEP
 .text.USBD_LL_ClearStallEP
                0x0800967c       0x6c Src\usbd_conf.o
                0x0800967c                USBD_LL_ClearStallEP
 .text.USBD_LL_IsStallEP
                0x080096e8       0x58 Src\usbd_conf.o
                0x080096e8                USBD_LL_IsStallEP
 .text.USBD_LL_SetUSBAddress
                0x08009740       0x6c Src\usbd_conf.o
                0x08009740                USBD_LL_SetUSBAddress
 .text.USBD_LL_Transmit
                0x080097ac       0x74 Src\usbd_conf.o
                0x080097ac                USBD_LL_Transmit
 .text.USBD_LL_PrepareReceive
                0x08009820       0x74 Src\usbd_conf.o
                0x08009820                USBD_LL_PrepareReceive
 .text.USBD_LL_GetRxDataSize
                0x08009894       0x26 Src\usbd_conf.o
                0x08009894                USBD_LL_GetRxDataSize
 *fill*         0x080098ba        0x2 
 .text.USBD_FS_DeviceDescriptor
                0x080098bc       0x24 Src\usbd_desc.o
                0x080098bc                USBD_FS_DeviceDescriptor
 .text.USBD_FS_LangIDStrDescriptor
                0x080098e0       0x24 Src\usbd_desc.o
                0x080098e0                USBD_FS_LangIDStrDescriptor
 .text.USBD_FS_ProductStrDescriptor
                0x08009904       0x3c Src\usbd_desc.o
                0x08009904                USBD_FS_ProductStrDescriptor
 .text.USBD_FS_ManufacturerStrDescriptor
                0x08009940       0x28 Src\usbd_desc.o
                0x08009940                USBD_FS_ManufacturerStrDescriptor
 .text.USBD_FS_SerialStrDescriptor
                0x08009968       0x3c Src\usbd_desc.o
                0x08009968                USBD_FS_SerialStrDescriptor
 .text.USBD_FS_ConfigStrDescriptor
                0x080099a4       0x3c Src\usbd_desc.o
                0x080099a4                USBD_FS_ConfigStrDescriptor
 .text.USBD_FS_InterfaceStrDescriptor
                0x080099e0       0x3c Src\usbd_desc.o
                0x080099e0                USBD_FS_InterfaceStrDescriptor
 .text.VCP_SendJsonObjectReceivedValues
                0x08009a1c      0x100 Src\vcp_communication.o
                0x08009a1c                VCP_SendJsonObjectReceivedValues
 .text.VCP_SendString
                0x08009b1c       0x32 Src\vcp_communication.o
                0x08009b1c                VCP_SendString
 *fill*         0x08009b4e        0x2 
 .text.VCP_SendBuffer
                0x08009b50       0x44 Src\vcp_communication.o
                0x08009b50                VCP_SendBuffer
 .text.VCP_Receive_FS
                0x08009b94       0x70 Src\vcp_communication.o
                0x08009b94                VCP_Receive_FS
 .text.VCP_retrieveInputData
                0x08009c04       0x8c Src\vcp_communication.o
                0x08009c04                VCP_retrieveInputData
 .text.Reset_Handler
                0x08009c90       0x50 startup\startup_stm32f407xx.o
                0x08009c90                Reset_Handler
 .text.Default_Handler
                0x08009ce0        0x2 startup\startup_stm32f407xx.o
                0x08009ce0                RTC_Alarm_IRQHandler
                0x08009ce0                HASH_RNG_IRQHandler
                0x08009ce0                EXTI2_IRQHandler
                0x08009ce0                TIM8_CC_IRQHandler
                0x08009ce0                DebugMon_Handler
                0x08009ce0                TIM1_CC_IRQHandler
                0x08009ce0                DMA2_Stream5_IRQHandler
                0x08009ce0                HardFault_Handler
                0x08009ce0                DMA1_Stream5_IRQHandler
                0x08009ce0                PVD_IRQHandler
                0x08009ce0                SDIO_IRQHandler
                0x08009ce0                TAMP_STAMP_IRQHandler
                0x08009ce0                PendSV_Handler
                0x08009ce0                NMI_Handler
                0x08009ce0                CAN2_RX1_IRQHandler
                0x08009ce0                EXTI3_IRQHandler
                0x08009ce0                TIM8_TRG_COM_TIM14_IRQHandler
                0x08009ce0                TIM1_UP_TIM10_IRQHandler
                0x08009ce0                TIM8_UP_TIM13_IRQHandler
                0x08009ce0                I2C3_ER_IRQHandler
                0x08009ce0                EXTI0_IRQHandler
                0x08009ce0                I2C2_EV_IRQHandler
                0x08009ce0                DMA1_Stream2_IRQHandler
                0x08009ce0                CAN1_RX0_IRQHandler
                0x08009ce0                FPU_IRQHandler
                0x08009ce0                OTG_HS_WKUP_IRQHandler
                0x08009ce0                UsageFault_Handler
                0x08009ce0                CAN2_SCE_IRQHandler
                0x08009ce0                DMA2_Stream2_IRQHandler
                0x08009ce0                SPI1_IRQHandler
                0x08009ce0                TIM1_BRK_TIM9_IRQHandler
                0x08009ce0                DCMI_IRQHandler
                0x08009ce0                CAN2_RX0_IRQHandler
                0x08009ce0                DMA2_Stream3_IRQHandler
                0x08009ce0                USART6_IRQHandler
                0x08009ce0                USART3_IRQHandler
                0x08009ce0                CAN1_RX1_IRQHandler
                0x08009ce0                UART5_IRQHandler
                0x08009ce0                DMA2_Stream0_IRQHandler
                0x08009ce0                TIM4_IRQHandler
                0x08009ce0                I2C1_EV_IRQHandler
                0x08009ce0                DMA1_Stream6_IRQHandler
                0x08009ce0                DMA1_Stream1_IRQHandler
                0x08009ce0                UART4_IRQHandler
                0x08009ce0                TIM3_IRQHandler
                0x08009ce0                RCC_IRQHandler
                0x08009ce0                Default_Handler
                0x08009ce0                EXTI15_10_IRQHandler
                0x08009ce0                ADC_IRQHandler
                0x08009ce0                DMA1_Stream7_IRQHandler
                0x08009ce0                TIM7_IRQHandler
                0x08009ce0                CAN2_TX_IRQHandler
                0x08009ce0                TIM5_IRQHandler
                0x08009ce0                DMA2_Stream7_IRQHandler
                0x08009ce0                I2C3_EV_IRQHandler
                0x08009ce0                EXTI9_5_IRQHandler
                0x08009ce0                RTC_WKUP_IRQHandler
                0x08009ce0                ETH_WKUP_IRQHandler
                0x08009ce0                SPI2_IRQHandler
                0x08009ce0                OTG_HS_EP1_IN_IRQHandler
                0x08009ce0                MemManage_Handler
                0x08009ce0                DMA1_Stream0_IRQHandler
                0x08009ce0                CAN1_TX_IRQHandler
                0x08009ce0                SVC_Handler
                0x08009ce0                EXTI4_IRQHandler
                0x08009ce0                FSMC_IRQHandler
                0x08009ce0                ETH_IRQHandler
                0x08009ce0                OTG_HS_EP1_OUT_IRQHandler
                0x08009ce0                WWDG_IRQHandler
                0x08009ce0                TIM2_IRQHandler
                0x08009ce0                OTG_FS_WKUP_IRQHandler
                0x08009ce0                TIM1_TRG_COM_TIM11_IRQHandler
                0x08009ce0                OTG_HS_IRQHandler
                0x08009ce0                EXTI1_IRQHandler
                0x08009ce0                USART2_IRQHandler
                0x08009ce0                I2C2_ER_IRQHandler
                0x08009ce0                DMA2_Stream1_IRQHandler
                0x08009ce0                CAN1_SCE_IRQHandler
                0x08009ce0                FLASH_IRQHandler
                0x08009ce0                DMA2_Stream4_IRQHandler
                0x08009ce0                BusFault_Handler
                0x08009ce0                USART1_IRQHandler
                0x08009ce0                SPI3_IRQHandler
                0x08009ce0                DMA1_Stream4_IRQHandler
                0x08009ce0                I2C1_ER_IRQHandler
                0x08009ce0                DMA2_Stream6_IRQHandler
                0x08009ce0                DMA1_Stream3_IRQHandler
 *fill*         0x08009ce2        0x2 
 .text.__assert_func
                0x08009ce4       0x3c c:/program files (x86)/atollic/truestudio for stm32 9.0.1/armtools/bin/../lib/gcc/arm-atollic-eabi/6.3.1/../../../../arm-atollic-eabi/lib/armv7e-m/fpu\libc_nano.a(lib_a-assert.o)
                0x08009ce4                __assert_func
 .text.fprintf  0x08009d20       0x24 c:/program files (x86)/atollic/truestudio for stm32 9.0.1/armtools/bin/../lib/gcc/arm-atollic-eabi/6.3.1/../../../../arm-atollic-eabi/lib/armv7e-m/fpu\libc_nano.a(lib_a-fprintf.o)
                0x08009d20                fiprintf
                0x08009d20                fprintf
 .text.__libc_init_array
                0x08009d44       0x48 c:/program files (x86)/atollic/truestudio for stm32 9.0.1/armtools/bin/../lib/gcc/arm-atollic-eabi/6.3.1/../../../../arm-atollic-eabi/lib/armv7e-m/fpu\libc_nano.a(lib_a-init.o)
                0x08009d44                __libc_init_array
 .text.__itoa   0x08009d8c       0x30 c:/program files (x86)/atollic/truestudio for stm32 9.0.1/armtools/bin/../lib/gcc/arm-atollic-eabi/6.3.1/../../../../arm-atollic-eabi/lib/armv7e-m/fpu\libc_nano.a(lib_a-itoa.o)
                0x08009d8c                __itoa
 .text.itoa     0x08009dbc        0x4 c:/program files (x86)/atollic/truestudio for stm32 9.0.1/armtools/bin/../lib/gcc/arm-atollic-eabi/6.3.1/../../../../arm-atollic-eabi/lib/armv7e-m/fpu\libc_nano.a(lib_a-itoa.o)
                0x08009dbc                itoa
 .text.malloc   0x08009dc0       0x10 c:/program files (x86)/atollic/truestudio for stm32 9.0.1/armtools/bin/../lib/gcc/arm-atollic-eabi/6.3.1/../../../../arm-atollic-eabi/lib/armv7e-m/fpu\libc_nano.a(lib_a-malloc.o)
                0x08009dc0                malloc
 .text.free     0x08009dd0       0x10 c:/program files (x86)/atollic/truestudio for stm32 9.0.1/armtools/bin/../lib/gcc/arm-atollic-eabi/6.3.1/../../../../arm-atollic-eabi/lib/armv7e-m/fpu\libc_nano.a(lib_a-malloc.o)
                0x08009dd0                free
 .text.memcpy   0x08009de0       0x16 c:/program files (x86)/atollic/truestudio for stm32 9.0.1/armtools/bin/../lib/gcc/arm-atollic-eabi/6.3.1/../../../../arm-atollic-eabi/lib/armv7e-m/fpu\libc_nano.a(lib_a-memcpy-stub.o)
                0x08009de0                memcpy
 *fill*         0x08009df6        0x2 
 .text._free_r  0x08009df8       0x9c c:/program files (x86)/atollic/truestudio for stm32 9.0.1/armtools/bin/../lib/gcc/arm-atollic-eabi/6.3.1/../../../../arm-atollic-eabi/lib/armv7e-m/fpu\libc_nano.a(lib_a-nano-freer.o)
                0x08009df8                _free_r
 .text._malloc_r
                0x08009e94       0xbc c:/program files (x86)/atollic/truestudio for stm32 9.0.1/armtools/bin/../lib/gcc/arm-atollic-eabi/6.3.1/../../../../arm-atollic-eabi/lib/armv7e-m/fpu\libc_nano.a(lib_a-nano-mallocr.o)
                0x08009e94                _malloc_r
 .text.__sfputc_r
                0x08009f50       0x30 c:/program files (x86)/atollic/truestudio for stm32 9.0.1/armtools/bin/../lib/gcc/arm-atollic-eabi/6.3.1/../../../../arm-atollic-eabi/lib/armv7e-m/fpu\libc_nano.a(lib_a-nano-vfprintf.o)
 .text.__sfputs_r
                0x08009f80       0x24 c:/program files (x86)/atollic/truestudio for stm32 9.0.1/armtools/bin/../lib/gcc/arm-atollic-eabi/6.3.1/../../../../arm-atollic-eabi/lib/armv7e-m/fpu\libc_nano.a(lib_a-nano-vfprintf.o)
                0x08009f80                __sfputs_r
 .text._vfprintf_r
                0x08009fa4      0x22c c:/program files (x86)/atollic/truestudio for stm32 9.0.1/armtools/bin/../lib/gcc/arm-atollic-eabi/6.3.1/../../../../arm-atollic-eabi/lib/armv7e-m/fpu\libc_nano.a(lib_a-nano-vfprintf.o)
                0x08009fa4                _vfprintf_r
                0x08009fa4                _vfiprintf_r
 .text._printf_common
                0x0800a1d0       0xec c:/program files (x86)/atollic/truestudio for stm32 9.0.1/armtools/bin/../lib/gcc/arm-atollic-eabi/6.3.1/../../../../arm-atollic-eabi/lib/armv7e-m/fpu\libc_nano.a(lib_a-nano-vfprintf_i.o)
                0x0800a1d0                _printf_common
 .text._printf_i
                0x0800a2bc      0x240 c:/program files (x86)/atollic/truestudio for stm32 9.0.1/armtools/bin/../lib/gcc/arm-atollic-eabi/6.3.1/../../../../arm-atollic-eabi/lib/armv7e-m/fpu\libc_nano.a(lib_a-nano-vfprintf_i.o)
                0x0800a2bc                _printf_i
 .text.printf   0x0800a4fc       0x30 c:/program files (x86)/atollic/truestudio for stm32 9.0.1/armtools/bin/../lib/gcc/arm-atollic-eabi/6.3.1/../../../../arm-atollic-eabi/lib/armv7e-m/fpu\libc_nano.a(lib_a-printf.o)
                0x0800a4fc                iprintf
                0x0800a4fc                printf
 .text.putchar  0x0800a52c       0x28 c:/program files (x86)/atollic/truestudio for stm32 9.0.1/armtools/bin/../lib/gcc/arm-atollic-eabi/6.3.1/../../../../arm-atollic-eabi/lib/armv7e-m/fpu\libc_nano.a(lib_a-putchar.o)
                0x0800a52c                putchar
 .text._sbrk_r  0x0800a554       0x20 c:/program files (x86)/atollic/truestudio for stm32 9.0.1/armtools/bin/../lib/gcc/arm-atollic-eabi/6.3.1/../../../../arm-atollic-eabi/lib/armv7e-m/fpu\libc_nano.a(lib_a-sbrkr.o)
                0x0800a554                _sbrk_r
 .text.strcpy   0x0800a574       0x10 c:/program files (x86)/atollic/truestudio for stm32 9.0.1/armtools/bin/../lib/gcc/arm-atollic-eabi/6.3.1/../../../../arm-atollic-eabi/lib/armv7e-m/fpu\libc_nano.a(lib_a-strcpy.o)
                0x0800a574                strcpy
 .text.__utoa   0x0800a584       0x80 c:/program files (x86)/atollic/truestudio for stm32 9.0.1/armtools/bin/../lib/gcc/arm-atollic-eabi/6.3.1/../../../../arm-atollic-eabi/lib/armv7e-m/fpu\libc_nano.a(lib_a-utoa.o)
                0x0800a584                __utoa
 .text.__swbuf_r
                0x0800a604       0xa4 c:/program files (x86)/atollic/truestudio for stm32 9.0.1/armtools/bin/../lib/gcc/arm-atollic-eabi/6.3.1/../../../../arm-atollic-eabi/lib/armv7e-m/fpu\libc_nano.a(lib_a-wbuf.o)
                0x0800a604                __swbuf_r
 .text.__swsetup_r
                0x0800a6a8       0xdc c:/program files (x86)/atollic/truestudio for stm32 9.0.1/armtools/bin/../lib/gcc/arm-atollic-eabi/6.3.1/../../../../arm-atollic-eabi/lib/armv7e-m/fpu\libc_nano.a(lib_a-wsetup.o)
                0x0800a6a8                __swsetup_r
 .text.abort    0x0800a784        0xe c:/program files (x86)/atollic/truestudio for stm32 9.0.1/armtools/bin/../lib/gcc/arm-atollic-eabi/6.3.1/../../../../arm-atollic-eabi/lib/armv7e-m/fpu\libc_nano.a(lib_a-abort.o)
                0x0800a784                abort
 *fill*         0x0800a792        0x2 
 .text.__sflush_r
                0x0800a794      0x110 c:/program files (x86)/atollic/truestudio for stm32 9.0.1/armtools/bin/../lib/gcc/arm-atollic-eabi/6.3.1/../../../../arm-atollic-eabi/lib/armv7e-m/fpu\libc_nano.a(lib_a-fflush.o)
                0x0800a794                __sflush_r
 .text._fflush_r
                0x0800a8a4       0x54 c:/program files (x86)/atollic/truestudio for stm32 9.0.1/armtools/bin/../lib/gcc/arm-atollic-eabi/6.3.1/../../../../arm-atollic-eabi/lib/armv7e-m/fpu\libc_nano.a(lib_a-fflush.o)
                0x0800a8a4                _fflush_r
 .text._cleanup_r
                0x0800a8f8        0xc c:/program files (x86)/atollic/truestudio for stm32 9.0.1/armtools/bin/../lib/gcc/arm-atollic-eabi/6.3.1/../../../../arm-atollic-eabi/lib/armv7e-m/fpu\libc_nano.a(lib_a-findfp.o)
                0x0800a8f8                _cleanup_r
 .text.std.isra.0
                0x0800a904       0x48 c:/program files (x86)/atollic/truestudio for stm32 9.0.1/armtools/bin/../lib/gcc/arm-atollic-eabi/6.3.1/../../../../arm-atollic-eabi/lib/armv7e-m/fpu\libc_nano.a(lib_a-findfp.o)
 .text.__sfmoreglue
                0x0800a94c       0x2c c:/program files (x86)/atollic/truestudio for stm32 9.0.1/armtools/bin/../lib/gcc/arm-atollic-eabi/6.3.1/../../../../arm-atollic-eabi/lib/armv7e-m/fpu\libc_nano.a(lib_a-findfp.o)
                0x0800a94c                __sfmoreglue
 .text.__sinit  0x0800a978       0x60 c:/program files (x86)/atollic/truestudio for stm32 9.0.1/armtools/bin/../lib/gcc/arm-atollic-eabi/6.3.1/../../../../arm-atollic-eabi/lib/armv7e-m/fpu\libc_nano.a(lib_a-findfp.o)
                0x0800a978                __sinit
 .text.__sfp    0x0800a9d8       0x78 c:/program files (x86)/atollic/truestudio for stm32 9.0.1/armtools/bin/../lib/gcc/arm-atollic-eabi/6.3.1/../../../../arm-atollic-eabi/lib/armv7e-m/fpu\libc_nano.a(lib_a-findfp.o)
                0x0800a9d8                __sfp
 .text._fwalk_reent
                0x0800aa50       0x3c c:/program files (x86)/atollic/truestudio for stm32 9.0.1/armtools/bin/../lib/gcc/arm-atollic-eabi/6.3.1/../../../../arm-atollic-eabi/lib/armv7e-m/fpu\libc_nano.a(lib_a-fwalk.o)
                0x0800aa50                _fwalk_reent
 .text.__swhatbuf_r
                0x0800aa8c       0x48 c:/program files (x86)/atollic/truestudio for stm32 9.0.1/armtools/bin/../lib/gcc/arm-atollic-eabi/6.3.1/../../../../arm-atollic-eabi/lib/armv7e-m/fpu\libc_nano.a(lib_a-makebuf.o)
                0x0800aa8c                __swhatbuf_r
 .text.__smakebuf_r
                0x0800aad4       0x80 c:/program files (x86)/atollic/truestudio for stm32 9.0.1/armtools/bin/../lib/gcc/arm-atollic-eabi/6.3.1/../../../../arm-atollic-eabi/lib/armv7e-m/fpu\libc_nano.a(lib_a-makebuf.o)
                0x0800aad4                __smakebuf_r
 .text.memset   0x0800ab54       0x10 c:/program files (x86)/atollic/truestudio for stm32 9.0.1/armtools/bin/../lib/gcc/arm-atollic-eabi/6.3.1/../../../../arm-atollic-eabi/lib/armv7e-m/fpu\libc_nano.a(lib_a-memset.o)
                0x0800ab54                memset
 .text.__malloc_lock
                0x0800ab64        0x2 c:/program files (x86)/atollic/truestudio for stm32 9.0.1/armtools/bin/../lib/gcc/arm-atollic-eabi/6.3.1/../../../../arm-atollic-eabi/lib/armv7e-m/fpu\libc_nano.a(lib_a-mlock.o)
                0x0800ab64                __malloc_lock
 .text.__malloc_unlock
                0x0800ab66        0x2 c:/program files (x86)/atollic/truestudio for stm32 9.0.1/armtools/bin/../lib/gcc/arm-atollic-eabi/6.3.1/../../../../arm-atollic-eabi/lib/armv7e-m/fpu\libc_nano.a(lib_a-mlock.o)
                0x0800ab66                __malloc_unlock
 .text._putc_r  0x0800ab68       0x6c c:/program files (x86)/atollic/truestudio for stm32 9.0.1/armtools/bin/../lib/gcc/arm-atollic-eabi/6.3.1/../../../../arm-atollic-eabi/lib/armv7e-m/fpu\libc_nano.a(lib_a-putc.o)
                0x0800ab68                _putc_r
 .text._raise_r
                0x0800abd4       0x50 c:/program files (x86)/atollic/truestudio for stm32 9.0.1/armtools/bin/../lib/gcc/arm-atollic-eabi/6.3.1/../../../../arm-atollic-eabi/lib/armv7e-m/fpu\libc_nano.a(lib_a-signal.o)
                0x0800abd4                _raise_r
 .text.raise    0x0800ac24       0x10 c:/program files (x86)/atollic/truestudio for stm32 9.0.1/armtools/bin/../lib/gcc/arm-atollic-eabi/6.3.1/../../../../arm-atollic-eabi/lib/armv7e-m/fpu\libc_nano.a(lib_a-signal.o)
                0x0800ac24                raise
 .text._kill_r  0x0800ac34       0x24 c:/program files (x86)/atollic/truestudio for stm32 9.0.1/armtools/bin/../lib/gcc/arm-atollic-eabi/6.3.1/../../../../arm-atollic-eabi/lib/armv7e-m/fpu\libc_nano.a(lib_a-signalr.o)
                0x0800ac34                _kill_r
 .text._getpid_r
                0x0800ac58        0x4 c:/program files (x86)/atollic/truestudio for stm32 9.0.1/armtools/bin/../lib/gcc/arm-atollic-eabi/6.3.1/../../../../arm-atollic-eabi/lib/armv7e-m/fpu\libc_nano.a(lib_a-signalr.o)
                0x0800ac58                _getpid_r
 .text.__sread  0x0800ac5c       0x22 c:/program files (x86)/atollic/truestudio for stm32 9.0.1/armtools/bin/../lib/gcc/arm-atollic-eabi/6.3.1/../../../../arm-atollic-eabi/lib/armv7e-m/fpu\libc_nano.a(lib_a-stdio.o)
                0x0800ac5c                __sread
 .text.__swrite
                0x0800ac7e       0x38 c:/program files (x86)/atollic/truestudio for stm32 9.0.1/armtools/bin/../lib/gcc/arm-atollic-eabi/6.3.1/../../../../arm-atollic-eabi/lib/armv7e-m/fpu\libc_nano.a(lib_a-stdio.o)
                0x0800ac7e                __swrite
 .text.__sseek  0x0800acb6       0x24 c:/program files (x86)/atollic/truestudio for stm32 9.0.1/armtools/bin/../lib/gcc/arm-atollic-eabi/6.3.1/../../../../arm-atollic-eabi/lib/armv7e-m/fpu\libc_nano.a(lib_a-stdio.o)
                0x0800acb6                __sseek
 .text.__sclose
                0x0800acda        0x8 c:/program files (x86)/atollic/truestudio for stm32 9.0.1/armtools/bin/../lib/gcc/arm-atollic-eabi/6.3.1/../../../../arm-atollic-eabi/lib/armv7e-m/fpu\libc_nano.a(lib_a-stdio.o)
                0x0800acda                __sclose
 *fill*         0x0800ace2        0x2 
 .text._write_r
                0x0800ace4       0x24 c:/program files (x86)/atollic/truestudio for stm32 9.0.1/armtools/bin/../lib/gcc/arm-atollic-eabi/6.3.1/../../../../arm-atollic-eabi/lib/armv7e-m/fpu\libc_nano.a(lib_a-writer.o)
                0x0800ace4                _write_r
 .text._close_r
                0x0800ad08       0x20 c:/program files (x86)/atollic/truestudio for stm32 9.0.1/armtools/bin/../lib/gcc/arm-atollic-eabi/6.3.1/../../../../arm-atollic-eabi/lib/armv7e-m/fpu\libc_nano.a(lib_a-closer.o)
                0x0800ad08                _close_r
 .text._fstat_r
                0x0800ad28       0x24 c:/program files (x86)/atollic/truestudio for stm32 9.0.1/armtools/bin/../lib/gcc/arm-atollic-eabi/6.3.1/../../../../arm-atollic-eabi/lib/armv7e-m/fpu\libc_nano.a(lib_a-fstatr.o)
                0x0800ad28                _fstat_r
 .text._isatty_r
                0x0800ad4c       0x20 c:/program files (x86)/atollic/truestudio for stm32 9.0.1/armtools/bin/../lib/gcc/arm-atollic-eabi/6.3.1/../../../../arm-atollic-eabi/lib/armv7e-m/fpu\libc_nano.a(lib_a-isattyr.o)
                0x0800ad4c                _isatty_r
 .text._lseek_r
                0x0800ad6c       0x24 c:/program files (x86)/atollic/truestudio for stm32 9.0.1/armtools/bin/../lib/gcc/arm-atollic-eabi/6.3.1/../../../../arm-atollic-eabi/lib/armv7e-m/fpu\libc_nano.a(lib_a-lseekr.o)
                0x0800ad6c                _lseek_r
 .text._read_r  0x0800ad90       0x24 c:/program files (x86)/atollic/truestudio for stm32 9.0.1/armtools/bin/../lib/gcc/arm-atollic-eabi/6.3.1/../../../../arm-atollic-eabi/lib/armv7e-m/fpu\libc_nano.a(lib_a-readr.o)
                0x0800ad90                _read_r
 .text._close   0x0800adb4       0x10 c:/program files (x86)/atollic/truestudio for stm32 9.0.1/armtools/bin/../lib/gcc/arm-atollic-eabi/6.3.1/../../../../arm-atollic-eabi/lib/armv7e-m/fpu\libnosys.a(close.o)
                0x0800adb4                _close
 .text._fstat   0x0800adc4       0x10 c:/program files (x86)/atollic/truestudio for stm32 9.0.1/armtools/bin/../lib/gcc/arm-atollic-eabi/6.3.1/../../../../arm-atollic-eabi/lib/armv7e-m/fpu\libnosys.a(fstat.o)
                0x0800adc4                _fstat
 .text._getpid  0x0800add4       0x10 c:/program files (x86)/atollic/truestudio for stm32 9.0.1/armtools/bin/../lib/gcc/arm-atollic-eabi/6.3.1/../../../../arm-atollic-eabi/lib/armv7e-m/fpu\libnosys.a(getpid.o)
                0x0800add4                _getpid
 .text._isatty  0x0800ade4       0x10 c:/program files (x86)/atollic/truestudio for stm32 9.0.1/armtools/bin/../lib/gcc/arm-atollic-eabi/6.3.1/../../../../arm-atollic-eabi/lib/armv7e-m/fpu\libnosys.a(isatty.o)
                0x0800ade4                _isatty
 .text._kill    0x0800adf4       0x10 c:/program files (x86)/atollic/truestudio for stm32 9.0.1/armtools/bin/../lib/gcc/arm-atollic-eabi/6.3.1/../../../../arm-atollic-eabi/lib/armv7e-m/fpu\libnosys.a(kill.o)
                0x0800adf4                _kill
 .text._lseek   0x0800ae04       0x10 c:/program files (x86)/atollic/truestudio for stm32 9.0.1/armtools/bin/../lib/gcc/arm-atollic-eabi/6.3.1/../../../../arm-atollic-eabi/lib/armv7e-m/fpu\libnosys.a(lseek.o)
                0x0800ae04                _lseek
 .text._read    0x0800ae14       0x10 c:/program files (x86)/atollic/truestudio for stm32 9.0.1/armtools/bin/../lib/gcc/arm-atollic-eabi/6.3.1/../../../../arm-atollic-eabi/lib/armv7e-m/fpu\libnosys.a(read.o)
                0x0800ae14                _read
 .text._sbrk    0x0800ae24       0x1c c:/program files (x86)/atollic/truestudio for stm32 9.0.1/armtools/bin/../lib/gcc/arm-atollic-eabi/6.3.1/../../../../arm-atollic-eabi/lib/armv7e-m/fpu\libnosys.a(sbrk.o)
                0x0800ae24                _sbrk
 .text._write   0x0800ae40       0x10 c:/program files (x86)/atollic/truestudio for stm32 9.0.1/armtools/bin/../lib/gcc/arm-atollic-eabi/6.3.1/../../../../arm-atollic-eabi/lib/armv7e-m/fpu\libnosys.a(write.o)
                0x0800ae40                _write
 .text._exit    0x0800ae50        0x2 c:/program files (x86)/atollic/truestudio for stm32 9.0.1/armtools/bin/../lib/gcc/arm-atollic-eabi/6.3.1/../../../../arm-atollic-eabi/lib/armv7e-m/fpu\libnosys.a(_exit.o)
                0x0800ae50                _exit
 *(.glue_7)
 .glue_7        0x0800ae52        0x0 linker stubs
 *(.glue_7t)
 .glue_7t       0x0800ae52        0x0 linker stubs
 *(.eh_frame)
 *fill*         0x0800ae52        0x2 
 .eh_frame      0x0800ae54        0x0 c:/program files (x86)/atollic/truestudio for stm32 9.0.1/armtools/bin/../lib/gcc/arm-atollic-eabi/6.3.1/armv7e-m/fpu/crtbegin.o
 *(.init)
 .init          0x0800ae54        0x4 c:/program files (x86)/atollic/truestudio for stm32 9.0.1/armtools/bin/../lib/gcc/arm-atollic-eabi/6.3.1/armv7e-m/fpu/crti.o
                0x0800ae54                _init
 .init          0x0800ae58        0x8 c:/program files (x86)/atollic/truestudio for stm32 9.0.1/armtools/bin/../lib/gcc/arm-atollic-eabi/6.3.1/armv7e-m/fpu/crtn.o
 *(.fini)
 .fini          0x0800ae60        0x4 c:/program files (x86)/atollic/truestudio for stm32 9.0.1/armtools/bin/../lib/gcc/arm-atollic-eabi/6.3.1/armv7e-m/fpu/crti.o
                0x0800ae60                _fini
 .fini          0x0800ae64        0x8 c:/program files (x86)/atollic/truestudio for stm32 9.0.1/armtools/bin/../lib/gcc/arm-atollic-eabi/6.3.1/armv7e-m/fpu/crtn.o
                0x0800ae6c                . = ALIGN (0x4)
                0x0800ae6c                _etext = .

.vfp11_veneer   0x0800ae6c        0x0
 .vfp11_veneer  0x0800ae6c        0x0 linker stubs

.v4_bx          0x0800ae6c        0x0
 .v4_bx         0x0800ae6c        0x0 linker stubs

.iplt           0x0800ae6c        0x0
 .iplt          0x0800ae6c        0x0 c:/program files (x86)/atollic/truestudio for stm32 9.0.1/armtools/bin/../lib/gcc/arm-atollic-eabi/6.3.1/armv7e-m/fpu/crtbegin.o

.rodata         0x0800ae6c      0x290
                0x0800ae6c                . = ALIGN (0x4)
 *(.rodata)
 .rodata        0x0800ae6c       0x35 Middlewares\ST\STM32_USB_Device_Library\Core\Src\usbd_core.o
 *fill*         0x0800aea1        0x3 
 .rodata        0x0800aea4       0x18 Src\controller.o
 .rodata        0x0800aebc       0x2c Src\json_decoder.o
 .rodata        0x0800aee8       0x6f Src\led.o
 *fill*         0x0800af57        0x1 
 .rodata        0x0800af58        0xe Src\main.o
 *fill*         0x0800af66        0x2 
 .rodata        0x0800af68       0x13 Src\usbd_conf.o
 *fill*         0x0800af7b        0x1 
 .rodata        0x0800af7c       0x56 Src\usbd_desc.o
 *fill*         0x0800afd2        0x2 
 .rodata        0x0800afd4        0x8 Src\vcp_communication.o
 *(.rodata*)
 .rodata.__func__.10346
                0x0800afdc        0xf Src\controller.o
 *fill*         0x0800afeb        0x1 
 .rodata.AHBPrescTable
                0x0800afec       0x10 Src\system_stm32f4xx.o
                0x0800afec                AHBPrescTable
 .rodata.APBPrescTable
                0x0800affc        0x8 Src\system_stm32f4xx.o
                0x0800affc                APBPrescTable
 .rodata.__assert_func.str1.1
                0x0800b004       0x3c c:/program files (x86)/atollic/truestudio for stm32 9.0.1/armtools/bin/../lib/gcc/arm-atollic-eabi/6.3.1/../../../../arm-atollic-eabi/lib/armv7e-m/fpu\libc_nano.a(lib_a-assert.o)
                                 0x3d (size before relaxing)
 .rodata._global_impure_ptr
                0x0800b040        0x4 c:/program files (x86)/atollic/truestudio for stm32 9.0.1/armtools/bin/../lib/gcc/arm-atollic-eabi/6.3.1/../../../../arm-atollic-eabi/lib/armv7e-m/fpu\libc_nano.a(lib_a-impure.o)
                0x0800b040                _global_impure_ptr
 .rodata._vfprintf_r.str1.1
                0x0800b044       0x11 c:/program files (x86)/atollic/truestudio for stm32 9.0.1/armtools/bin/../lib/gcc/arm-atollic-eabi/6.3.1/../../../../arm-atollic-eabi/lib/armv7e-m/fpu\libc_nano.a(lib_a-nano-vfprintf.o)
 .rodata._printf_i.str1.1
                0x0800b055       0x22 c:/program files (x86)/atollic/truestudio for stm32 9.0.1/armtools/bin/../lib/gcc/arm-atollic-eabi/6.3.1/../../../../arm-atollic-eabi/lib/armv7e-m/fpu\libc_nano.a(lib_a-nano-vfprintf_i.o)
 .rodata.__utoa.str1.1
                0x0800b077       0x25 c:/program files (x86)/atollic/truestudio for stm32 9.0.1/armtools/bin/../lib/gcc/arm-atollic-eabi/6.3.1/../../../../arm-atollic-eabi/lib/armv7e-m/fpu\libc_nano.a(lib_a-utoa.o)
 .rodata.__sf_fake_stderr
                0x0800b09c       0x20 c:/program files (x86)/atollic/truestudio for stm32 9.0.1/armtools/bin/../lib/gcc/arm-atollic-eabi/6.3.1/../../../../arm-atollic-eabi/lib/armv7e-m/fpu\libc_nano.a(lib_a-findfp.o)
                0x0800b09c                __sf_fake_stderr
 .rodata.__sf_fake_stdin
                0x0800b0bc       0x20 c:/program files (x86)/atollic/truestudio for stm32 9.0.1/armtools/bin/../lib/gcc/arm-atollic-eabi/6.3.1/../../../../arm-atollic-eabi/lib/armv7e-m/fpu\libc_nano.a(lib_a-findfp.o)
                0x0800b0bc                __sf_fake_stdin
 .rodata.__sf_fake_stdout
                0x0800b0dc       0x20 c:/program files (x86)/atollic/truestudio for stm32 9.0.1/armtools/bin/../lib/gcc/arm-atollic-eabi/6.3.1/../../../../arm-atollic-eabi/lib/armv7e-m/fpu\libc_nano.a(lib_a-findfp.o)
                0x0800b0dc                __sf_fake_stdout
                0x0800b0fc                . = ALIGN (0x4)

.ARM.extab
 *(.ARM.extab* .gnu.linkonce.armextab.*)

.ARM            0x0800b0fc        0x8
                0x0800b0fc                __exidx_start = .
 *(.ARM.exidx*)
 .ARM.exidx     0x0800b0fc        0x8 c:/program files (x86)/atollic/truestudio for stm32 9.0.1/armtools/bin/../lib/gcc/arm-atollic-eabi/6.3.1/armv7e-m/fpu\libgcc.a(_udivmoddi4.o)
                0x0800b104                __exidx_end = .

.rel.dyn        0x0800b104        0x0
 .rel.iplt      0x0800b104        0x0 c:/program files (x86)/atollic/truestudio for stm32 9.0.1/armtools/bin/../lib/gcc/arm-atollic-eabi/6.3.1/armv7e-m/fpu/crtbegin.o

.preinit_array  0x0800b104        0x0
                0x0800b104                PROVIDE (__preinit_array_start, .)
 *(.preinit_array*)
                0x0800b104                PROVIDE (__preinit_array_end, .)

.init_array     0x0800b104        0x4
                0x0800b104                PROVIDE (__init_array_start, .)
 *(SORT(.init_array.*))
 *(.init_array*)
 .init_array    0x0800b104        0x4 c:/program files (x86)/atollic/truestudio for stm32 9.0.1/armtools/bin/../lib/gcc/arm-atollic-eabi/6.3.1/armv7e-m/fpu/crtbegin.o
                0x0800b108                PROVIDE (__init_array_end, .)

.fini_array     0x0800b108        0x4
                [!provide]                PROVIDE (__fini_array_start, .)
 *(SORT(.fini_array.*))
 *(.fini_array*)
 .fini_array    0x0800b108        0x4 c:/program files (x86)/atollic/truestudio for stm32 9.0.1/armtools/bin/../lib/gcc/arm-atollic-eabi/6.3.1/armv7e-m/fpu/crtbegin.o
                [!provide]                PROVIDE (__fini_array_end, .)
                0x0800b10c                _sidata = LOADADDR (.data)

.data           0x20000000      0xae4 load address 0x0800b10c
                0x20000000                . = ALIGN (0x4)
                0x20000000                _sdata = .
 *(.data)
 *(.data*)
 .data.uwTickPrio
                0x20000000        0x4 Drivers\STM32F4xx_HAL_Driver\Src\stm32f4xx_hal.o
                0x20000000                uwTickPrio
 .data.uwTickFreq
                0x20000004        0x1 Drivers\STM32F4xx_HAL_Driver\Src\stm32f4xx_hal.o
                0x20000004                uwTickFreq
 *fill*         0x20000005        0x3 
 .data.USBD_CDC_DeviceQualifierDesc
                0x20000008        0xa Middlewares\ST\STM32_USB_Device_Library\Class\CDC\Src\usbd_cdc.o
 *fill*         0x20000012        0x2 
 .data.USBD_CDC
                0x20000014       0x38 Middlewares\ST\STM32_USB_Device_Library\Class\CDC\Src\usbd_cdc.o
                0x20000014                USBD_CDC
 .data.USBD_CDC_CfgHSDesc
                0x2000004c       0x43 Middlewares\ST\STM32_USB_Device_Library\Class\CDC\Src\usbd_cdc.o
                0x2000004c                USBD_CDC_CfgHSDesc
 *fill*         0x2000008f        0x1 
 .data.USBD_CDC_CfgFSDesc
                0x20000090       0x43 Middlewares\ST\STM32_USB_Device_Library\Class\CDC\Src\usbd_cdc.o
                0x20000090                USBD_CDC_CfgFSDesc
 *fill*         0x200000d3        0x1 
 .data.USBD_CDC_OtherSpeedCfgDesc
                0x200000d4       0x43 Middlewares\ST\STM32_USB_Device_Library\Class\CDC\Src\usbd_cdc.o
                0x200000d4                USBD_CDC_OtherSpeedCfgDesc
 *fill*         0x20000117        0x1 
 .data.generalConfig
                0x20000118       0x40 Src\json_decoder.o
                0x20000118                generalConfig
 .data.jsonGeneralNumbers
                0x20000158        0x4 Src\json_decoder.o
                0x20000158                jsonGeneralNumbers
 .data.generalJSON
                0x2000015c       0x28 Src\json_decoder.o
                0x2000015c                generalJSON
 .data.jsonMainObjects
                0x20000184        0x8 Src\json_decoder.o
                0x20000184                jsonMainObjects
 .data.mainJson
                0x2000018c       0x28 Src\json_decoder.o
                0x2000018c                mainJson
 .data.ledConfig
                0x200001b4      0x844 Src\led.o
 .data.jsonLedNumbers
                0x200009f8       0x10 Src\led.o
 .data.jsonLedStrings
                0x20000a08        0x4 Src\led.o
 .data.jsonLedArrays
                0x20000a0c        0x4 Src\led.o
 .data.ledJSON  0x20000a10       0x28 Src\led.o
                0x20000a10                ledJSON
 .data.SystemCoreClock
                0x20000a38        0x4 Src\system_stm32f4xx.o
                0x20000a38                SystemCoreClock
 .data.USBD_Interface_fops_FS
                0x20000a3c       0x10 Src\usbd_cdc_if.o
                0x20000a3c                USBD_Interface_fops_FS
 .data.FS_Desc  0x20000a4c       0x1c Src\usbd_desc.o
                0x20000a4c                FS_Desc
 .data.USBD_FS_DeviceDesc
                0x20000a68       0x12 Src\usbd_desc.o
                0x20000a68                USBD_FS_DeviceDesc
 *fill*         0x20000a7a        0x2 
 .data.USBD_LangIDDesc
                0x20000a7c        0x4 Src\usbd_desc.o
                0x20000a7c                USBD_LangIDDesc
 .data._impure_ptr
                0x20000a80        0x4 c:/program files (x86)/atollic/truestudio for stm32 9.0.1/armtools/bin/../lib/gcc/arm-atollic-eabi/6.3.1/../../../../arm-atollic-eabi/lib/armv7e-m/fpu\libc_nano.a(lib_a-impure.o)
                0x20000a80                _impure_ptr
 .data.impure_data
                0x20000a84       0x60 c:/program files (x86)/atollic/truestudio for stm32 9.0.1/armtools/bin/../lib/gcc/arm-atollic-eabi/6.3.1/../../../../arm-atollic-eabi/lib/armv7e-m/fpu\libc_nano.a(lib_a-impure.o)
                0x20000ae4                . = ALIGN (0x4)
                0x20000ae4                _edata = .
                0x0800bbf0                _siccmram = LOADADDR (.ccmram)

.igot.plt       0x20000ae4        0x0 load address 0x0800bbf0
 .igot.plt      0x20000ae4        0x0 c:/program files (x86)/atollic/truestudio for stm32 9.0.1/armtools/bin/../lib/gcc/arm-atollic-eabi/6.3.1/armv7e-m/fpu/crtbegin.o

.ccmram         0x10000000        0x0 load address 0x0800bbf0
                0x10000000                . = ALIGN (0x4)
                0x10000000                _sccmram = .
 *(.ccmram)
 *(.ccmram*)
                0x10000000                . = ALIGN (0x4)
                0x10000000                _eccmram = .
                0x10000000                . = ALIGN (0x4)

.bss            0x20000ae4    0x10e4c
                0x20000ae4                _sbss = .
                0x20000ae4                __bss_start__ = _sbss
 *(.bss)
 .bss           0x20000ae4       0x1c c:/program files (x86)/atollic/truestudio for stm32 9.0.1/armtools/bin/../lib/gcc/arm-atollic-eabi/6.3.1/armv7e-m/fpu/crtbegin.o
 *(.bss*)
 .bss.ifalt.10288
                0x20000b00        0x1 Middlewares\ST\STM32_USB_Device_Library\Class\CDC\Src\usbd_cdc.o
 .bss.cfgidx.10293
                0x20000b01        0x1 Middlewares\ST\STM32_USB_Device_Library\Core\Src\usbd_ctlreq.o
 *fill*         0x20000b02        0x2 
 .bss.vcp_data  0x20000b04       0x64 Src\controller.o
                0x20000b04                vcp_data
 .bss.jsonMainDecoderState
                0x20000b68        0x1 Src\json_decoder.o
                0x20000b68                jsonMainDecoderState
 .bss.jsonCurrentLevel
                0x20000b69        0x1 Src\json_decoder.o
 *fill*         0x20000b6a        0x2 
 .bss.leds      0x20000b6c     0x9dd0 Src\led.o
 .bss.s_RxBuffers
                0x2000a93c     0x5014 Src\vcp_communication.o
 .bss.__malloc_free_list
                0x2000f950        0x4 c:/program files (x86)/atollic/truestudio for stm32 9.0.1/armtools/bin/../lib/gcc/arm-atollic-eabi/6.3.1/../../../../arm-atollic-eabi/lib/armv7e-m/fpu\libc_nano.a(lib_a-nano-mallocr.o)
                0x2000f950                __malloc_free_list
 .bss.__malloc_sbrk_start
                0x2000f954        0x4 c:/program files (x86)/atollic/truestudio for stm32 9.0.1/armtools/bin/../lib/gcc/arm-atollic-eabi/6.3.1/../../../../arm-atollic-eabi/lib/armv7e-m/fpu\libc_nano.a(lib_a-nano-mallocr.o)
                0x2000f954                __malloc_sbrk_start
 .bss.heap_end.5239
                0x2000f958        0x4 c:/program files (x86)/atollic/truestudio for stm32 9.0.1/armtools/bin/../lib/gcc/arm-atollic-eabi/6.3.1/../../../../arm-atollic-eabi/lib/armv7e-m/fpu\libnosys.a(sbrk.o)
 *(COMMON)
 COMMON         0x2000f95c        0x4 Drivers\STM32F4xx_HAL_Driver\Src\stm32f4xx_hal.o
                0x2000f95c                uwTick
 COMMON         0x2000f960        0x8 Src\controller.o
                0x2000f960                vcp_result
                0x2000f964                vcp_length
 COMMON         0x2000f968      0x168 Src\json_decoder.o
                0x2000f968                jsonStringValueDecodedPosition
                0x2000f96c                jsonStringValueDecoded
                0x2000f9a0                jsonDecodedString
                0x2000fa9c                jsonObjectStates
                0x2000faa4                objectsStack
                0x2000fab8                jsonDecodedStringPosition
                0x2000fabc                jsonArrayValuePosition
                0x2000fac8                currentObject
                0x2000facc                jsonNumberDecoded
 COMMON         0x2000fad0        0x1 Src\led.o
                0x2000fad0                testMeasureLED
 *fill*         0x2000fad1        0x3 
 COMMON         0x2000fad4      0x310 Src\main.o
                0x2000fad4                htim8
                0x2000fb10                htim4
                0x2000fb4c                hi2c1
                0x2000fba0                htim5
                0x2000fbdc                htim3
                0x2000fc18                htim6
                0x2000fc54                htim1
                0x2000fc90                htim9
                0x2000fccc                hspi1
                0x2000fd24                htim2
                0x2000fd60                htim12
                0x2000fd9c                hi2s3
 COMMON         0x2000fde4      0x334 Src\sequence.o
                0x2000fde4                testSequence
 COMMON         0x20010118      0x224 Src\usb_device.o
                0x20010118                hUsbDeviceFS
 COMMON         0x2001033c     0x1000 Src\usbd_cdc_if.o
                0x2001033c                UserRxBufferFS
                0x20010b3c                UserTxBufferFS
 COMMON         0x2001133c      0x3f0 Src\usbd_conf.o
                0x2001133c                hpcd_USB_OTG_FS
 COMMON         0x2001172c      0x200 Src\usbd_desc.o
                0x2001172c                USBD_StrDesc
 COMMON         0x2001192c        0x4 c:/program files (x86)/atollic/truestudio for stm32 9.0.1/armtools/bin/../lib/gcc/arm-atollic-eabi/6.3.1/../../../../arm-atollic-eabi/lib/armv7e-m/fpu\libc_nano.a(lib_a-reent.o)
                0x2001192c                errno
                0x20011930                . = ALIGN (0x4)
                0x20011930                _ebss = .
                0x20011930                __bss_end__ = _ebss

._user_heap_stack
                0x20011930      0x600
                0x20011930                . = ALIGN (0x4)
                0x20011930                PROVIDE (end, .)
                [!provide]                PROVIDE (_end, .)
                0x20011b30                . = (. + _Min_Heap_Size)
 *fill*         0x20011930      0x200 
                0x20011f30                . = (. + _Min_Stack_Size)
 *fill*         0x20011b30      0x400 
                0x20011f30                . = ALIGN (0x4)

/DISCARD/
 libc.a(*)
 libm.a(*)
 libgcc.a(*)

.ARM.attributes
                0x00000000       0x30
 *(.ARM.attributes)
 .ARM.attributes
                0x00000000       0x22 c:/program files (x86)/atollic/truestudio for stm32 9.0.1/armtools/bin/../lib/gcc/arm-atollic-eabi/6.3.1/armv7e-m/fpu/crti.o
 .ARM.attributes
                0x00000022       0x34 c:/program files (x86)/atollic/truestudio for stm32 9.0.1/armtools/bin/../lib/gcc/arm-atollic-eabi/6.3.1/armv7e-m/fpu/crtbegin.o
 .ARM.attributes
                0x00000056       0x39 Drivers\STM32F4xx_HAL_Driver\Src\stm32f4xx_hal.o
 .ARM.attributes
                0x0000008f       0x39 Drivers\STM32F4xx_HAL_Driver\Src\stm32f4xx_hal_cortex.o
 .ARM.attributes
                0x000000c8       0x39 Drivers\STM32F4xx_HAL_Driver\Src\stm32f4xx_hal_gpio.o
 .ARM.attributes
                0x00000101       0x39 Drivers\STM32F4xx_HAL_Driver\Src\stm32f4xx_hal_i2c.o
 .ARM.attributes
                0x0000013a       0x39 Drivers\STM32F4xx_HAL_Driver\Src\stm32f4xx_hal_i2s.o
 .ARM.attributes
                0x00000173       0x39 Drivers\STM32F4xx_HAL_Driver\Src\stm32f4xx_hal_i2s_ex.o
 .ARM.attributes
                0x000001ac       0x39 Drivers\STM32F4xx_HAL_Driver\Src\stm32f4xx_hal_pcd.o
 .ARM.attributes
                0x000001e5       0x39 Drivers\STM32F4xx_HAL_Driver\Src\stm32f4xx_hal_pcd_ex.o
 .ARM.attributes
                0x0000021e       0x39 Drivers\STM32F4xx_HAL_Driver\Src\stm32f4xx_hal_rcc.o
 .ARM.attributes
                0x00000257       0x39 Drivers\STM32F4xx_HAL_Driver\Src\stm32f4xx_hal_rcc_ex.o
 .ARM.attributes
                0x00000290       0x39 Drivers\STM32F4xx_HAL_Driver\Src\stm32f4xx_hal_spi.o
 .ARM.attributes
                0x000002c9       0x39 Drivers\STM32F4xx_HAL_Driver\Src\stm32f4xx_hal_tim.o
 .ARM.attributes
                0x00000302       0x39 Drivers\STM32F4xx_HAL_Driver\Src\stm32f4xx_hal_tim_ex.o
 .ARM.attributes
                0x0000033b       0x39 Drivers\STM32F4xx_HAL_Driver\Src\stm32f4xx_ll_usb.o
 .ARM.attributes
                0x00000374       0x39 Middlewares\ST\STM32_USB_Device_Library\Class\CDC\Src\usbd_cdc.o
 .ARM.attributes
                0x000003ad       0x39 Middlewares\ST\STM32_USB_Device_Library\Core\Src\usbd_core.o
 .ARM.attributes
                0x000003e6       0x39 Middlewares\ST\STM32_USB_Device_Library\Core\Src\usbd_ctlreq.o
 .ARM.attributes
                0x0000041f       0x39 Middlewares\ST\STM32_USB_Device_Library\Core\Src\usbd_ioreq.o
 .ARM.attributes
                0x00000458       0x39 Src\controller.o
 .ARM.attributes
                0x00000491       0x39 Src\json_decoder.o
 .ARM.attributes
                0x000004ca       0x39 Src\led.o
 .ARM.attributes
                0x00000503       0x39 Src\main.o
 .ARM.attributes
                0x0000053c       0x39 Src\sequence.o
 .ARM.attributes
                0x00000575       0x39 Src\stm32f4xx_hal_msp.o
 .ARM.attributes
                0x000005ae       0x39 Src\stm32f4xx_it.o
 .ARM.attributes
                0x000005e7       0x39 Src\system_stm32f4xx.o
 .ARM.attributes
                0x00000620       0x39 Src\usb_device.o
 .ARM.attributes
                0x00000659       0x39 Src\usbd_cdc_if.o
 .ARM.attributes
                0x00000692       0x39 Src\usbd_conf.o
 .ARM.attributes
                0x000006cb       0x39 Src\usbd_desc.o
 .ARM.attributes
                0x00000704       0x39 Src\vcp_communication.o
 .ARM.attributes
                0x0000073d       0x21 startup\startup_stm32f407xx.o
 .ARM.attributes
                0x0000075e       0x34 c:/program files (x86)/atollic/truestudio for stm32 9.0.1/armtools/bin/../lib/gcc/arm-atollic-eabi/6.3.1/../../../../arm-atollic-eabi/lib/armv7e-m/fpu\libc_nano.a(lib_a-assert.o)
 .ARM.attributes
                0x00000792       0x34 c:/program files (x86)/atollic/truestudio for stm32 9.0.1/armtools/bin/../lib/gcc/arm-atollic-eabi/6.3.1/../../../../arm-atollic-eabi/lib/armv7e-m/fpu\libc_nano.a(lib_a-fprintf.o)
 .ARM.attributes
                0x000007c6       0x34 c:/program files (x86)/atollic/truestudio for stm32 9.0.1/armtools/bin/../lib/gcc/arm-atollic-eabi/6.3.1/../../../../arm-atollic-eabi/lib/armv7e-m/fpu\libc_nano.a(lib_a-impure.o)
 .ARM.attributes
                0x000007fa       0x34 c:/program files (x86)/atollic/truestudio for stm32 9.0.1/armtools/bin/../lib/gcc/arm-atollic-eabi/6.3.1/../../../../arm-atollic-eabi/lib/armv7e-m/fpu\libc_nano.a(lib_a-init.o)
 .ARM.attributes
                0x0000082e       0x34 c:/program files (x86)/atollic/truestudio for stm32 9.0.1/armtools/bin/../lib/gcc/arm-atollic-eabi/6.3.1/../../../../arm-atollic-eabi/lib/armv7e-m/fpu\libc_nano.a(lib_a-itoa.o)
 .ARM.attributes
                0x00000862       0x34 c:/program files (x86)/atollic/truestudio for stm32 9.0.1/armtools/bin/../lib/gcc/arm-atollic-eabi/6.3.1/../../../../arm-atollic-eabi/lib/armv7e-m/fpu\libc_nano.a(lib_a-malloc.o)
 .ARM.attributes
                0x00000896       0x34 c:/program files (x86)/atollic/truestudio for stm32 9.0.1/armtools/bin/../lib/gcc/arm-atollic-eabi/6.3.1/../../../../arm-atollic-eabi/lib/armv7e-m/fpu\libc_nano.a(lib_a-memcpy-stub.o)
 .ARM.attributes
                0x000008ca       0x34 c:/program files (x86)/atollic/truestudio for stm32 9.0.1/armtools/bin/../lib/gcc/arm-atollic-eabi/6.3.1/../../../../arm-atollic-eabi/lib/armv7e-m/fpu\libc_nano.a(lib_a-nano-freer.o)
 .ARM.attributes
                0x000008fe       0x34 c:/program files (x86)/atollic/truestudio for stm32 9.0.1/armtools/bin/../lib/gcc/arm-atollic-eabi/6.3.1/../../../../arm-atollic-eabi/lib/armv7e-m/fpu\libc_nano.a(lib_a-nano-mallocr.o)
 .ARM.attributes
                0x00000932       0x34 c:/program files (x86)/atollic/truestudio for stm32 9.0.1/armtools/bin/../lib/gcc/arm-atollic-eabi/6.3.1/../../../../arm-atollic-eabi/lib/armv7e-m/fpu\libc_nano.a(lib_a-nano-vfprintf.o)
 .ARM.attributes
                0x00000966       0x34 c:/program files (x86)/atollic/truestudio for stm32 9.0.1/armtools/bin/../lib/gcc/arm-atollic-eabi/6.3.1/../../../../arm-atollic-eabi/lib/armv7e-m/fpu\libc_nano.a(lib_a-nano-vfprintf_i.o)
 .ARM.attributes
                0x0000099a       0x34 c:/program files (x86)/atollic/truestudio for stm32 9.0.1/armtools/bin/../lib/gcc/arm-atollic-eabi/6.3.1/../../../../arm-atollic-eabi/lib/armv7e-m/fpu\libc_nano.a(lib_a-printf.o)
 .ARM.attributes
                0x000009ce       0x34 c:/program files (x86)/atollic/truestudio for stm32 9.0.1/armtools/bin/../lib/gcc/arm-atollic-eabi/6.3.1/../../../../arm-atollic-eabi/lib/armv7e-m/fpu\libc_nano.a(lib_a-putchar.o)
 .ARM.attributes
                0x00000a02       0x34 c:/program files (x86)/atollic/truestudio for stm32 9.0.1/armtools/bin/../lib/gcc/arm-atollic-eabi/6.3.1/../../../../arm-atollic-eabi/lib/armv7e-m/fpu\libc_nano.a(lib_a-sbrkr.o)
 .ARM.attributes
                0x00000a36       0x20 c:/program files (x86)/atollic/truestudio for stm32 9.0.1/armtools/bin/../lib/gcc/arm-atollic-eabi/6.3.1/../../../../arm-atollic-eabi/lib/armv7e-m/fpu\libc_nano.a(lib_a-strcmp.o)
 .ARM.attributes
                0x00000a56       0x34 c:/program files (x86)/atollic/truestudio for stm32 9.0.1/armtools/bin/../lib/gcc/arm-atollic-eabi/6.3.1/../../../../arm-atollic-eabi/lib/armv7e-m/fpu\libc_nano.a(lib_a-strcpy.o)
 .ARM.attributes
                0x00000a8a       0x34 c:/program files (x86)/atollic/truestudio for stm32 9.0.1/armtools/bin/../lib/gcc/arm-atollic-eabi/6.3.1/../../../../arm-atollic-eabi/lib/armv7e-m/fpu\libc_nano.a(lib_a-utoa.o)
 .ARM.attributes
                0x00000abe       0x34 c:/program files (x86)/atollic/truestudio for stm32 9.0.1/armtools/bin/../lib/gcc/arm-atollic-eabi/6.3.1/../../../../arm-atollic-eabi/lib/armv7e-m/fpu\libc_nano.a(lib_a-wbuf.o)
 .ARM.attributes
                0x00000af2       0x34 c:/program files (x86)/atollic/truestudio for stm32 9.0.1/armtools/bin/../lib/gcc/arm-atollic-eabi/6.3.1/../../../../arm-atollic-eabi/lib/armv7e-m/fpu\libc_nano.a(lib_a-wsetup.o)
 .ARM.attributes
                0x00000b26       0x34 c:/program files (x86)/atollic/truestudio for stm32 9.0.1/armtools/bin/../lib/gcc/arm-atollic-eabi/6.3.1/../../../../arm-atollic-eabi/lib/armv7e-m/fpu\libc_nano.a(lib_a-abort.o)
 .ARM.attributes
                0x00000b5a       0x34 c:/program files (x86)/atollic/truestudio for stm32 9.0.1/armtools/bin/../lib/gcc/arm-atollic-eabi/6.3.1/../../../../arm-atollic-eabi/lib/armv7e-m/fpu\libc_nano.a(lib_a-fflush.o)
 .ARM.attributes
                0x00000b8e       0x34 c:/program files (x86)/atollic/truestudio for stm32 9.0.1/armtools/bin/../lib/gcc/arm-atollic-eabi/6.3.1/../../../../arm-atollic-eabi/lib/armv7e-m/fpu\libc_nano.a(lib_a-findfp.o)
 .ARM.attributes
                0x00000bc2       0x34 c:/program files (x86)/atollic/truestudio for stm32 9.0.1/armtools/bin/../lib/gcc/arm-atollic-eabi/6.3.1/../../../../arm-atollic-eabi/lib/armv7e-m/fpu\libc_nano.a(lib_a-fwalk.o)
 .ARM.attributes