json_decoding.c:193:6:VCP_SendCurrentObjectReceivedValues	16	static
json_decoding.c:221:6:ledObjectReceived	16	static
json_decoding.c:267:6:generalObjectReceived	8	static
json_decoding.c:276:6:jsonResetObjectsFlags	24	static
json_decoding.c:297:6:jsonVCPSendObjectStack	16	static
json_decoding.c:313:6:jsonStringReceived	16	static
json_decoding.c:330:6:jsonNumberReceived	16	static
json_decoding.c:347:6:jsonArrayValueReceived	16	static
json_decoding.c:364:6:jsonStartOfObject	16	static
json_decoding.c:387:6:jsonObjectReceived	8	static
json_decoding.c:401:23:jsonParseObject	16	static
json_decoding.c:571:6:jsonDecoding	24	static
