main.c:116:6:tim6_IRQ	8	static
main.c:121:6:change_PWM_duty	16	static
main.c:199:5:main	8	static
main.c:301:6:SystemClock_Config	104	static
main.c:364:13:MX_I2C1_Init	8	static
main.c:384:13:MX_I2S3_Init	8	static
main.c:404:13:MX_SPI1_Init	8	static
main.c:428:13:MX_TIM1_Init	88	static
main.c:509:13:MX_TIM2_Init	64	static
main.c:573:13:MX_TIM3_Init	64	static
main.c:637:13:MX_TIM4_Init	48	static
main.c:679:13:MX_TIM5_Init	64	static
main.c:728:13:MX_TIM6_Init	16	static
main.c:752:13:MX_TIM8_Init	88	static
main.c:828:13:MX_TIM9_Init	56	static
main.c:874:13:MX_TIM12_Init	24	static
main.c:906:13:MX_GPIO_Init	56	static
main.c:1007:6:_Error_Handler	16	static
