main.c:110:6:tim6_IRQ	4	static
main.c:117:6:change_PWM_duty	16	static
main.c:195:5:main	8	static
main.c:297:6:SystemClock_Config	104	static
main.c:360:13:MX_I2C1_Init	8	static
main.c:380:13:MX_I2S3_Init	8	static
main.c:400:13:MX_SPI1_Init	8	static
main.c:424:13:MX_TIM1_Init	88	static
main.c:505:13:MX_TIM2_Init	64	static
main.c:569:13:MX_TIM3_Init	64	static
main.c:633:13:MX_TIM4_Init	48	static
main.c:675:13:MX_TIM5_Init	64	static
main.c:724:13:MX_TIM6_Init	16	static
main.c:748:13:MX_TIM8_Init	88	static
main.c:824:13:MX_TIM9_Init	56	static
main.c:870:13:MX_TIM12_Init	24	static
main.c:902:13:MX_GPIO_Init	56	static
main.c:1003:6:_Error_Handler	16	static
