main.c:115:6:tim6_IRQ	8	static
main.c:122:6:change_PWM_duty	16	static
main.c:200:5:main	8	static
main.c:302:6:SystemClock_Config	104	static
main.c:365:13:MX_I2C1_Init	8	static
main.c:385:13:MX_I2S3_Init	8	static
main.c:405:13:MX_SPI1_Init	8	static
main.c:429:13:MX_TIM1_Init	88	static
main.c:510:13:MX_TIM2_Init	64	static
main.c:574:13:MX_TIM3_Init	64	static
main.c:638:13:MX_TIM4_Init	48	static
main.c:680:13:MX_TIM5_Init	64	static
main.c:729:13:MX_TIM6_Init	16	static
main.c:753:13:MX_TIM8_Init	88	static
main.c:829:13:MX_TIM9_Init	56	static
main.c:875:13:MX_TIM12_Init	24	static
main.c:907:13:MX_GPIO_Init	56	static
main.c:1008:6:_Error_Handler	16	static
